2025-07-19 22:13:43,886 - MainProcess - INFO - === ALGORITMO GENÉTICO PARALELO INICIADO ===
2025-07-19 22:13:43,886 - MainProcess - INFO - Cargando catálogo de cartas...
2025-07-19 22:13:43,906 - MainProcess - INFO - Población inicial: 25 mazos
2025-07-19 22:13:43,906 - MainProcess - INFO - Configuración paralela: 3 workers, timeout 300s
2025-07-19 22:13:43,908 - MainProcess - INFO - Forge configurado. Directorio de mazos: ./user/decks/constructed
2025-07-19 22:13:43,908 - MainProcess - INFO - Modo: Headless (xvfb-run)
2025-07-19 22:13:43,909 - MainProcess - INFO - Hall of Fame configurado: 5 mejores históricos
2025-07-19 22:13:43,909 - MainProcess - INFO - === INICIANDO ALGORITMO GENÉTICO CON ANTI-ESTANCAMIENTO ===
2025-07-19 22:13:43,909 - MainProcess - INFO - Configuración: 25 mazos, 25 generaciones
2025-07-19 22:13:43,909 - MainProcess - INFO - Paralelización: 3 workers, timeout 300s
2025-07-19 22:13:43,909 - MainProcess - INFO - Evaluando población inicial con procesamiento paralelo...
2025-07-19 22:13:43,909 - MainProcess - INFO - === EVALUACIÓN PARALELA GENERACIÓN 0 ===
2025-07-19 22:13:43,909 - MainProcess - INFO - Población: 25 mazos
2025-07-19 22:13:43,909 - MainProcess - INFO - Workers paralelos: 3
2025-07-19 22:13:43,909 - MainProcess - INFO - Total de enfrentamientos: 300
2025-07-19 22:13:43,913 - MainProcess - INFO - Ejecutando 300 combates en paralelo... (OPTIMIZADO: 50% menos)
2025-07-19 23:11:35,036 - MainProcess - INFO - === RESULTADOS GENERACIÓN 0 ===
2025-07-19 23:11:35,037 - MainProcess - INFO - Duración total: 57.9 minutos
2025-07-19 23:11:35,037 - MainProcess - INFO - Combates exitosos: 300/300
2025-07-19 23:11:35,037 - MainProcess - INFO - Combates fallidos: 0
2025-07-19 23:11:35,037 - MainProcess - INFO - Mejor fitness: 0.7083
2025-07-19 23:11:35,037 - MainProcess - INFO - Fitness promedio: 0.5000
2025-07-19 23:11:35,037 - MainProcess - INFO - Top 5 mazos:
2025-07-19 23:11:35,037 - MainProcess - INFO -   1. Gen0_Deck0: 0.7083 (17/24)
2025-07-19 23:11:35,037 - MainProcess - INFO -   2. Gen0_Deck2: 0.7083 (17/24)
2025-07-19 23:11:35,037 - MainProcess - INFO -   3. Gen0_Deck5: 0.7083 (17/24)
2025-07-19 23:11:35,037 - MainProcess - INFO -   4. Gen0_Deck6: 0.7083 (17/24)
2025-07-19 23:11:35,037 - MainProcess - INFO -   5. Gen0_Deck9: 0.7083 (17/24)
2025-07-19 23:11:35,045 - MainProcess - INFO - Población detallada guardada: mtg_evolved_decks/population_arrays_detailed_gen_000_20250719_231135.json
2025-07-19 23:11:35,049 - MainProcess - INFO - 🏆 Hall of Fame expandido: 0 → 5
2025-07-19 23:11:35,050 - MainProcess - INFO - 
=== GENERACIÓN 1 ===
2025-07-19 23:11:35,057 - MainProcess - INFO - === EVALUACIÓN PARALELA GENERACIÓN 1 ===
2025-07-19 23:11:35,058 - MainProcess - INFO - Población: 25 mazos
2025-07-19 23:11:35,058 - MainProcess - INFO - Workers paralelos: 3
2025-07-19 23:11:35,058 - MainProcess - INFO - Total de enfrentamientos: 300
2025-07-19 23:11:35,058 - MainProcess - INFO - Manteniendo mazos existentes para generación 1
2025-07-19 23:11:35,063 - MainProcess - INFO - Ejecutando 300 combates en paralelo... (OPTIMIZADO: 50% menos)
2025-07-20 00:09:18,019 - MainProcess - INFO - === RESULTADOS GENERACIÓN 1 ===
2025-07-20 00:09:18,019 - MainProcess - INFO - Duración total: 57.7 minutos
2025-07-20 00:09:18,020 - MainProcess - INFO - Combates exitosos: 300/300
2025-07-20 00:09:18,020 - MainProcess - INFO - Combates fallidos: 0
2025-07-20 00:09:18,020 - MainProcess - INFO - Mejor fitness: 0.9583
2025-07-20 00:09:18,020 - MainProcess - INFO - Fitness promedio: 0.5000
2025-07-20 00:09:18,020 - MainProcess - INFO - Top 5 mazos:
2025-07-20 00:09:18,020 - MainProcess - INFO -   1. Gen1_Deck1: 0.9583 (23/24)
2025-07-20 00:09:18,020 - MainProcess - INFO -   2. Gen1_Deck10: 0.8333 (20/24)
2025-07-20 00:09:18,021 - MainProcess - INFO -   3. Gen1_Deck8: 0.7917 (19/24)
2025-07-20 00:09:18,021 - MainProcess - INFO -   4. Gen1_Deck11: 0.7500 (18/24)
2025-07-20 00:09:18,021 - MainProcess - INFO -   5. Gen1_Deck0: 0.7083 (17/24)
2025-07-20 00:09:18,032 - MainProcess - INFO - Población detallada guardada: mtg_evolved_decks/population_arrays_detailed_gen_001_20250720_000918.json
2025-07-20 00:09:18,033 - MainProcess - INFO - 🎉 NUEVO MEJOR FITNESS: 0.9583 (Gen 1)
2025-07-20 00:09:18,033 - MainProcess - INFO - Terminando por alcanzar fitness objetivo (95% win rate): 0.9583
2025-07-20 00:09:18,033 - MainProcess - INFO - 🏁 TERMINACIÓN CONTROLADA: fitness_target_reached
2025-07-20 00:09:18,034 - MainProcess - INFO - ✅ Mejor resultado obtenido del Hall of Fame:
2025-07-20 00:09:18,034 - MainProcess - INFO -    Fitness: 0.9583
2025-07-20 00:09:18,034 - MainProcess - INFO -    Array sum: 60
2025-07-20 00:09:18,034 - MainProcess - INFO - 🏆 MEJOR FITNESS ALCANZADO: 0.9583
2025-07-20 00:09:18,034 - MainProcess - INFO - 🎯 RAZÓN DE TERMINACIÓN: fitness_target_reached
2025-07-20 00:09:18,034 - MainProcess - INFO - 🔄 Ejecutando métodos de finalización...
2025-07-20 00:09:18,035 - MainProcess - INFO - 📊 Guardando estadísticas: 2 generaciones
2025-07-20 00:09:18,036 - MainProcess - INFO - ✅ CSV guardado: mtg_evolved_decks/parallel_evolution_stats.csv
2025-07-20 00:09:19,001 - MainProcess - INFO - ✅ Gráficos guardados: mtg_evolved_decks/parallel_evolution_stats.png
2025-07-20 00:09:19,002 - MainProcess - INFO - ✅ Hall of Fame guardado: 5 entradas en mtg_evolved_decks/parallel_hall_of_fame.json
2025-07-20 00:09:19,002 - MainProcess - INFO - ✅ Estadísticas paralelas guardadas en mtg_evolved_decks
2025-07-20 00:09:19,002 - MainProcess - INFO - ✅ save_statistics() ejecutado correctamente
2025-07-20 00:09:19,002 - MainProcess - INFO - Guardando logs finales paralelos...
2025-07-20 00:09:19,016 - MainProcess - INFO - === ESTADÍSTICAS FINALES PARALELAS ===
2025-07-20 00:09:19,016 - MainProcess - INFO - Workers utilizados: 3
2025-07-20 00:09:19,016 - MainProcess - INFO - Total de combates: 600
2025-07-20 00:09:19,016 - MainProcess - INFO - Combates exitosos: 600
2025-07-20 00:09:19,016 - MainProcess - INFO - Tasa de éxito global: 100.0%
2025-07-20 00:09:19,016 - MainProcess - INFO - Rendimiento por worker:
2025-07-20 00:09:19,016 - MainProcess - INFO -   Worker 3710965: 106/106 (100.0%) - Promedio: 32.7s
2025-07-20 00:09:19,016 - MainProcess - INFO -   Worker 3710967: 99/99 (100.0%) - Promedio: 35.0s
2025-07-20 00:09:19,016 - MainProcess - INFO -   Worker 3710966: 95/95 (100.0%) - Promedio: 36.5s
2025-07-20 00:09:19,016 - MainProcess - INFO -   Worker 3839297: 96/96 (100.0%) - Promedio: 36.0s
2025-07-20 00:09:19,016 - MainProcess - INFO -   Worker 3839296: 100/100 (100.0%) - Promedio: 34.6s
2025-07-20 00:09:19,016 - MainProcess - INFO -   Worker 3839295: 104/104 (100.0%) - Promedio: 33.3s
2025-07-20 00:09:19,016 - MainProcess - INFO - Logs guardados en: mtg_evolved_decks/logs
2025-07-20 00:09:19,016 - MainProcess - INFO - ✅ save_final_logs() ejecutado correctamente
2025-07-20 00:09:19,069 - MainProcess - INFO - ✅ Población final guardada: mtg_evolved_decks/final_population_20250720_000919.json
2025-07-20 00:09:19,070 - MainProcess - INFO - ✅ save_final_population() ejecutado: mtg_evolved_decks/final_population_20250720_000919.json
