2025-07-11 12:37:23,436 - MainProcess - INFO - === ALGORITMO GENÉTICO PARALELO INICIADO ===
2025-07-11 12:37:23,436 - MainProcess - INFO - Cargando catálogo de cartas...
2025-07-11 12:37:23,454 - MainProcess - INFO - Población inicial: 25 mazos
2025-07-11 12:37:23,454 - MainProcess - INFO - Configuración paralela: 3 workers, timeout 300s
2025-07-11 12:37:23,462 - MainProcess - INFO - Forge configurado. Directorio de mazos: ./user/decks/constructed
2025-07-11 12:37:23,463 - MainProcess - INFO - Modo: Headless (xvfb-run)
2025-07-11 12:37:23,463 - MainProcess - INFO - Hall of Fame configurado: 5 mejores históricos
2025-07-11 12:37:23,463 - MainProcess - INFO - === INICIANDO ALGORITMO GENÉTICO CON ANTI-ESTANCAMIENTO ===
2025-07-11 12:37:23,463 - MainProcess - INFO - Configuración: 25 mazos, 15 generaciones
2025-07-11 12:37:23,463 - MainProcess - INFO - Paralelización: 3 workers, timeout 300s
2025-07-11 12:37:23,463 - MainProcess - INFO - Evaluando población inicial con procesamiento paralelo...
2025-07-11 12:37:23,463 - MainProcess - INFO - === EVALUACIÓN PARALELA GENERACIÓN 0 ===
2025-07-11 12:37:23,463 - MainProcess - INFO - Población: 25 mazos
2025-07-11 12:37:23,463 - MainProcess - INFO - Workers paralelos: 3
2025-07-11 12:37:23,463 - MainProcess - INFO - Total de enfrentamientos: 300
2025-07-11 12:37:23,468 - MainProcess - INFO - Ejecutando 300 combates en paralelo... (OPTIMIZADO: 50% menos)
2025-07-11 13:35:53,616 - MainProcess - INFO - === RESULTADOS GENERACIÓN 0 ===
2025-07-11 13:35:53,616 - MainProcess - INFO - Duración total: 58.5 minutos
2025-07-11 13:35:53,616 - MainProcess - INFO - Combates exitosos: 300/300
2025-07-11 13:35:53,616 - MainProcess - INFO - Combates fallidos: 0
2025-07-11 13:35:53,616 - MainProcess - INFO - Mejor fitness: 0.7500
2025-07-11 13:35:53,617 - MainProcess - INFO - Fitness promedio: 0.5000
2025-07-11 13:35:53,617 - MainProcess - INFO - Top 5 mazos:
2025-07-11 13:35:53,617 - MainProcess - INFO -   1. Gen0_Deck1: 0.7500 (18/24)
2025-07-11 13:35:53,617 - MainProcess - INFO -   2. Gen0_Deck2: 0.7500 (18/24)
2025-07-11 13:35:53,617 - MainProcess - INFO -   3. Gen0_Deck9: 0.7500 (18/24)
2025-07-11 13:35:53,617 - MainProcess - INFO -   4. Gen0_Deck7: 0.6667 (16/24)
2025-07-11 13:35:53,617 - MainProcess - INFO -   5. Gen0_Deck14: 0.6667 (16/24)
2025-07-11 13:35:53,625 - MainProcess - INFO - Población detallada guardada: mtg_evolved_decks/population_arrays_detailed_gen_000_20250711_133553.json
2025-07-11 13:35:53,629 - MainProcess - INFO - 🏆 Hall of Fame expandido: 0 → 5
2025-07-11 13:35:53,629 - MainProcess - INFO - 
=== GENERACIÓN 1 ===
2025-07-11 13:35:53,634 - MainProcess - INFO - === EVALUACIÓN PARALELA GENERACIÓN 1 ===
2025-07-11 13:35:53,634 - MainProcess - INFO - Población: 25 mazos
2025-07-11 13:35:53,634 - MainProcess - INFO - Workers paralelos: 3
2025-07-11 13:35:53,634 - MainProcess - INFO - Total de enfrentamientos: 300
2025-07-11 13:35:53,634 - MainProcess - INFO - Manteniendo mazos existentes para generación 1
2025-07-11 13:35:53,639 - MainProcess - INFO - Ejecutando 300 combates en paralelo... (OPTIMIZADO: 50% menos)
2025-07-11 14:32:22,580 - MainProcess - INFO - === RESULTADOS GENERACIÓN 1 ===
2025-07-11 14:32:22,580 - MainProcess - INFO - Duración total: 56.5 minutos
2025-07-11 14:32:22,580 - MainProcess - INFO - Combates exitosos: 300/300
2025-07-11 14:32:22,580 - MainProcess - INFO - Combates fallidos: 0
2025-07-11 14:32:22,580 - MainProcess - INFO - Mejor fitness: 0.7917
2025-07-11 14:32:22,581 - MainProcess - INFO - Fitness promedio: 0.5000
2025-07-11 14:32:22,581 - MainProcess - INFO - Top 5 mazos:
2025-07-11 14:32:22,581 - MainProcess - INFO -   1. Gen1_Deck14: 0.7917 (19/24)
2025-07-11 14:32:22,581 - MainProcess - INFO -   2. Gen1_Deck6: 0.7500 (18/24)
2025-07-11 14:32:22,581 - MainProcess - INFO -   3. Gen1_Deck15: 0.7500 (18/24)
2025-07-11 14:32:22,581 - MainProcess - INFO -   4. Gen1_Deck4: 0.7083 (17/24)
2025-07-11 14:32:22,581 - MainProcess - INFO -   5. Gen1_Deck1: 0.6667 (16/24)
2025-07-11 14:32:22,591 - MainProcess - INFO - Población detallada guardada: mtg_evolved_decks/population_arrays_detailed_gen_001_20250711_143222.json
2025-07-11 14:32:22,593 - MainProcess - INFO - 🎉 NUEVO MEJOR FITNESS: 0.7917 (Gen 1)
2025-07-11 14:32:22,593 - MainProcess - INFO - 
=== GENERACIÓN 2 ===
2025-07-11 14:32:22,597 - MainProcess - INFO - === EVALUACIÓN PARALELA GENERACIÓN 2 ===
2025-07-11 14:32:22,597 - MainProcess - INFO - Población: 25 mazos
2025-07-11 14:32:22,597 - MainProcess - INFO - Workers paralelos: 3
2025-07-11 14:32:22,597 - MainProcess - INFO - Total de enfrentamientos: 300
2025-07-11 14:32:22,597 - MainProcess - INFO - Manteniendo mazos existentes para generación 2
2025-07-11 14:32:22,602 - MainProcess - INFO - Ejecutando 300 combates en paralelo... (OPTIMIZADO: 50% menos)
2025-07-11 15:25:10,205 - MainProcess - INFO - === RESULTADOS GENERACIÓN 2 ===
2025-07-11 15:25:10,205 - MainProcess - INFO - Duración total: 52.8 minutos
2025-07-11 15:25:10,205 - MainProcess - INFO - Combates exitosos: 300/300
2025-07-11 15:25:10,205 - MainProcess - INFO - Combates fallidos: 0
2025-07-11 15:25:10,205 - MainProcess - INFO - Mejor fitness: 0.9167
2025-07-11 15:25:10,205 - MainProcess - INFO - Fitness promedio: 0.5000
2025-07-11 15:25:10,205 - MainProcess - INFO - Top 5 mazos:
2025-07-11 15:25:10,205 - MainProcess - INFO -   1. Gen2_Deck19: 0.9167 (22/24)
2025-07-11 15:25:10,205 - MainProcess - INFO -   2. Gen2_Deck0: 0.8333 (20/24)
2025-07-11 15:25:10,205 - MainProcess - INFO -   3. Gen2_Deck15: 0.7500 (18/24)
2025-07-11 15:25:10,205 - MainProcess - INFO -   4. Gen2_Deck8: 0.7083 (17/24)
2025-07-11 15:25:10,205 - MainProcess - INFO -   5. Gen2_Deck1: 0.6667 (16/24)
2025-07-11 15:25:10,209 - MainProcess - INFO - 🎉 NUEVO MEJOR FITNESS: 0.9167 (Gen 2)
2025-07-11 15:25:10,209 - MainProcess - INFO - 
=== GENERACIÓN 3 ===
2025-07-11 15:25:10,215 - MainProcess - INFO - === EVALUACIÓN PARALELA GENERACIÓN 3 ===
2025-07-11 15:25:10,215 - MainProcess - INFO - Población: 25 mazos
2025-07-11 15:25:10,215 - MainProcess - INFO - Workers paralelos: 3
2025-07-11 15:25:10,215 - MainProcess - INFO - Total de enfrentamientos: 300
2025-07-11 15:25:10,215 - MainProcess - INFO - Manteniendo mazos existentes para generación 3
2025-07-11 15:25:10,220 - MainProcess - INFO - Ejecutando 300 combates en paralelo... (OPTIMIZADO: 50% menos)
2025-07-11 16:21:40,177 - MainProcess - INFO - === RESULTADOS GENERACIÓN 3 ===
2025-07-11 16:21:40,177 - MainProcess - INFO - Duración total: 56.5 minutos
2025-07-11 16:21:40,177 - MainProcess - INFO - Combates exitosos: 300/300
2025-07-11 16:21:40,178 - MainProcess - INFO - Combates fallidos: 0
2025-07-11 16:21:40,178 - MainProcess - INFO - Mejor fitness: 0.8333
2025-07-11 16:21:40,178 - MainProcess - INFO - Fitness promedio: 0.5000
2025-07-11 16:21:40,178 - MainProcess - INFO - Top 5 mazos:
2025-07-11 16:21:40,178 - MainProcess - INFO -   1. Gen3_Deck20: 0.8333 (20/24)
2025-07-11 16:21:40,178 - MainProcess - INFO -   2. Gen3_Deck4: 0.7917 (19/24)
2025-07-11 16:21:40,178 - MainProcess - INFO -   3. Gen3_Deck1: 0.7500 (18/24)
2025-07-11 16:21:40,178 - MainProcess - INFO -   4. Gen3_Deck3: 0.7500 (18/24)
2025-07-11 16:21:40,178 - MainProcess - INFO -   5. Gen3_Deck8: 0.7500 (18/24)
2025-07-11 16:21:40,182 - MainProcess - INFO - 📊 Sin mejora. Estancamiento: 1/3
2025-07-11 16:21:40,182 - MainProcess - INFO - 
=== GENERACIÓN 4 ===
2025-07-11 16:21:40,188 - MainProcess - INFO - === EVALUACIÓN PARALELA GENERACIÓN 4 ===
2025-07-11 16:21:40,188 - MainProcess - INFO - Población: 25 mazos
2025-07-11 16:21:40,188 - MainProcess - INFO - Workers paralelos: 3
2025-07-11 16:21:40,188 - MainProcess - INFO - Total de enfrentamientos: 300
2025-07-11 16:21:40,189 - MainProcess - INFO - Manteniendo mazos existentes para generación 4
2025-07-11 16:21:40,194 - MainProcess - INFO - Ejecutando 300 combates en paralelo... (OPTIMIZADO: 50% menos)
2025-07-11 17:21:26,268 - MainProcess - INFO - === RESULTADOS GENERACIÓN 4 ===
2025-07-11 17:21:26,268 - MainProcess - INFO - Duración total: 59.8 minutos
2025-07-11 17:21:26,268 - MainProcess - INFO - Combates exitosos: 300/300
2025-07-11 17:21:26,268 - MainProcess - INFO - Combates fallidos: 0
2025-07-11 17:21:26,268 - MainProcess - INFO - Mejor fitness: 0.9167
2025-07-11 17:21:26,268 - MainProcess - INFO - Fitness promedio: 0.5000
2025-07-11 17:21:26,269 - MainProcess - INFO - Top 5 mazos:
2025-07-11 17:21:26,269 - MainProcess - INFO -   1. Gen4_Deck1: 0.9167 (22/24)
2025-07-11 17:21:26,269 - MainProcess - INFO -   2. Gen4_Deck6: 0.6667 (16/24)
2025-07-11 17:21:26,269 - MainProcess - INFO -   3. Gen4_Deck7: 0.6667 (16/24)
2025-07-11 17:21:26,269 - MainProcess - INFO -   4. Gen4_Deck9: 0.6667 (16/24)
2025-07-11 17:21:26,269 - MainProcess - INFO -   5. Gen4_Deck17: 0.6667 (16/24)
2025-07-11 17:21:26,272 - MainProcess - INFO - 📊 Sin mejora. Estancamiento: 2/3
2025-07-11 17:21:26,272 - MainProcess - INFO - 
=== GENERACIÓN 5 ===
2025-07-11 17:21:26,276 - MainProcess - INFO - === EVALUACIÓN PARALELA GENERACIÓN 5 ===
2025-07-11 17:21:26,276 - MainProcess - INFO - Población: 25 mazos
2025-07-11 17:21:26,277 - MainProcess - INFO - Workers paralelos: 3
2025-07-11 17:21:26,277 - MainProcess - INFO - Total de enfrentamientos: 300
2025-07-11 17:21:26,277 - MainProcess - INFO - Manteniendo mazos existentes para generación 5
2025-07-11 17:21:26,281 - MainProcess - INFO - Ejecutando 300 combates en paralelo... (OPTIMIZADO: 50% menos)
2025-07-11 18:27:10,071 - MainProcess - INFO - === RESULTADOS GENERACIÓN 5 ===
2025-07-11 18:27:10,071 - MainProcess - INFO - Duración total: 65.7 minutos
2025-07-11 18:27:10,071 - MainProcess - INFO - Combates exitosos: 300/300
2025-07-11 18:27:10,072 - MainProcess - INFO - Combates fallidos: 0
2025-07-11 18:27:10,072 - MainProcess - INFO - Mejor fitness: 0.7917
2025-07-11 18:27:10,072 - MainProcess - INFO - Fitness promedio: 0.5000
2025-07-11 18:27:10,072 - MainProcess - INFO - Top 5 mazos:
2025-07-11 18:27:10,072 - MainProcess - INFO -   1. Gen5_Deck1: 0.7917 (19/24)
2025-07-11 18:27:10,072 - MainProcess - INFO -   2. Gen5_Deck13: 0.7500 (18/24)
2025-07-11 18:27:10,072 - MainProcess - INFO -   3. Gen5_Deck22: 0.7500 (18/24)
2025-07-11 18:27:10,072 - MainProcess - INFO -   4. Gen5_Deck24: 0.7500 (18/24)
2025-07-11 18:27:10,072 - MainProcess - INFO -   5. Gen5_Deck14: 0.7083 (17/24)
2025-07-11 18:27:10,083 - MainProcess - INFO - Población detallada guardada: mtg_evolved_decks/population_arrays_detailed_gen_005_20250711_182710.json
2025-07-11 18:27:10,084 - MainProcess - INFO - 📊 Sin mejora. Estancamiento: 3/3
2025-07-11 18:27:10,085 - MainProcess - WARNING - Aplicando intervención anti-estancamiento en generación 5
2025-07-11 18:27:10,085 - MainProcess - WARNING - 🚨 APLICANDO INTERVENCIÓN ANTI-ESTANCAMIENTO en generación 5
2025-07-11 18:27:10,085 - MainProcess - INFO - 🌍 Immigration: Inyectando 8 mazos completamente nuevos
2025-07-11 18:27:15,053 - MainProcess - INFO - ✅ Immigration completada: 8 mazos reemplazados
2025-07-11 18:27:15,053 - MainProcess - INFO - 🧬 Mutation Boost: Tasa de mutación incrementada a 0.360
2025-07-11 18:27:15,054 - MainProcess - INFO - ✅ Diversity Injection: 1 individuos reemplazados
2025-07-11 18:27:15,054 - MainProcess - INFO - 🔄 Stagnation counter reseteado
2025-07-11 18:27:15,054 - MainProcess - WARNING - 🚀 INTERVENCIÓN ANTI-ESTANCAMIENTO COMPLETADA en generación 5
2025-07-11 18:27:15,055 - MainProcess - INFO - 
=== GENERACIÓN 6 ===
2025-07-11 18:27:15,060 - MainProcess - INFO - === EVALUACIÓN PARALELA GENERACIÓN 6 ===
2025-07-11 18:27:15,060 - MainProcess - INFO - Población: 25 mazos
2025-07-11 18:27:15,060 - MainProcess - INFO - Workers paralelos: 3
2025-07-11 18:27:15,060 - MainProcess - INFO - Total de enfrentamientos: 300
2025-07-11 18:27:15,061 - MainProcess - INFO - Manteniendo mazos existentes para generación 6
2025-07-11 18:27:15,066 - MainProcess - INFO - Ejecutando 300 combates en paralelo... (OPTIMIZADO: 50% menos)
2025-07-11 19:33:25,148 - MainProcess - INFO - === RESULTADOS GENERACIÓN 6 ===
2025-07-11 19:33:25,148 - MainProcess - INFO - Duración total: 66.2 minutos
2025-07-11 19:33:25,148 - MainProcess - INFO - Combates exitosos: 300/300
2025-07-11 19:33:25,148 - MainProcess - INFO - Combates fallidos: 0
2025-07-11 19:33:25,148 - MainProcess - INFO - Mejor fitness: 0.7083
2025-07-11 19:33:25,148 - MainProcess - INFO - Fitness promedio: 0.5000
2025-07-11 19:33:25,149 - MainProcess - INFO - Top 5 mazos:
2025-07-11 19:33:25,149 - MainProcess - INFO -   1. Gen6_Deck1: 0.7083 (17/24)
2025-07-11 19:33:25,149 - MainProcess - INFO -   2. Gen6_Deck8: 0.7083 (17/24)
2025-07-11 19:33:25,149 - MainProcess - INFO -   3. Gen6_Deck4: 0.6667 (16/24)
2025-07-11 19:33:25,149 - MainProcess - INFO -   4. Gen6_Deck10: 0.6667 (16/24)
2025-07-11 19:33:25,149 - MainProcess - INFO -   5. Gen6_Deck14: 0.6667 (16/24)
2025-07-11 19:33:25,153 - MainProcess - INFO - 📊 Sin mejora. Estancamiento: 1/3
2025-07-11 19:33:25,153 - MainProcess - INFO - 
=== GENERACIÓN 7 ===
2025-07-11 19:33:25,158 - MainProcess - INFO - === EVALUACIÓN PARALELA GENERACIÓN 7 ===
2025-07-11 19:33:25,158 - MainProcess - INFO - Población: 25 mazos
2025-07-11 19:33:25,158 - MainProcess - INFO - Workers paralelos: 3
2025-07-11 19:33:25,158 - MainProcess - INFO - Total de enfrentamientos: 300
2025-07-11 19:33:25,158 - MainProcess - INFO - Manteniendo mazos existentes para generación 7
2025-07-11 19:33:25,163 - MainProcess - INFO - Ejecutando 300 combates en paralelo... (OPTIMIZADO: 50% menos)
2025-07-11 20:41:46,119 - MainProcess - INFO - === RESULTADOS GENERACIÓN 7 ===
2025-07-11 20:41:46,119 - MainProcess - INFO - Duración total: 68.3 minutos
2025-07-11 20:41:46,120 - MainProcess - INFO - Combates exitosos: 300/300
2025-07-11 20:41:46,120 - MainProcess - INFO - Combates fallidos: 0
2025-07-11 20:41:46,120 - MainProcess - INFO - Mejor fitness: 0.7500
2025-07-11 20:41:46,120 - MainProcess - INFO - Fitness promedio: 0.5000
2025-07-11 20:41:46,120 - MainProcess - INFO - Top 5 mazos:
2025-07-11 20:41:46,120 - MainProcess - INFO -   1. Gen7_Deck6: 0.7500 (18/24)
2025-07-11 20:41:46,120 - MainProcess - INFO -   2. Gen7_Deck4: 0.6667 (16/24)
2025-07-11 20:41:46,120 - MainProcess - INFO -   3. Gen7_Deck17: 0.6250 (15/24)
2025-07-11 20:41:46,120 - MainProcess - INFO -   4. Gen7_Deck1: 0.5833 (14/24)
2025-07-11 20:41:46,120 - MainProcess - INFO -   5. Gen7_Deck9: 0.5833 (14/24)
2025-07-11 20:41:46,124 - MainProcess - INFO - 📊 Sin mejora. Estancamiento: 2/3
2025-07-11 20:41:46,124 - MainProcess - INFO - 🔄 Tasa de mutación restaurada: 0.360 → 0.120
2025-07-11 20:41:46,125 - MainProcess - INFO - 
=== GENERACIÓN 8 ===
2025-07-11 20:41:46,128 - MainProcess - INFO - === EVALUACIÓN PARALELA GENERACIÓN 8 ===
2025-07-11 20:41:46,128 - MainProcess - INFO - Población: 25 mazos
2025-07-11 20:41:46,128 - MainProcess - INFO - Workers paralelos: 3
2025-07-11 20:41:46,128 - MainProcess - INFO - Total de enfrentamientos: 300
2025-07-11 20:41:46,128 - MainProcess - INFO - Manteniendo mazos existentes para generación 8
2025-07-11 20:41:46,133 - MainProcess - INFO - Ejecutando 300 combates en paralelo... (OPTIMIZADO: 50% menos)
2025-07-11 21:46:01,828 - MainProcess - INFO - === RESULTADOS GENERACIÓN 8 ===
2025-07-11 21:46:01,828 - MainProcess - INFO - Duración total: 64.3 minutos
2025-07-11 21:46:01,828 - MainProcess - INFO - Combates exitosos: 300/300
2025-07-11 21:46:01,828 - MainProcess - INFO - Combates fallidos: 0
2025-07-11 21:46:01,828 - MainProcess - INFO - Mejor fitness: 0.6667
2025-07-11 21:46:01,829 - MainProcess - INFO - Fitness promedio: 0.5000
2025-07-11 21:46:01,829 - MainProcess - INFO - Top 5 mazos:
2025-07-11 21:46:01,829 - MainProcess - INFO -   1. Gen8_Deck1: 0.6667 (16/24)
2025-07-11 21:46:01,829 - MainProcess - INFO -   2. Gen8_Deck13: 0.6667 (16/24)
2025-07-11 21:46:01,829 - MainProcess - INFO -   3. Gen8_Deck15: 0.6667 (16/24)
2025-07-11 21:46:01,829 - MainProcess - INFO -   4. Gen8_Deck23: 0.6667 (16/24)
2025-07-11 21:46:01,829 - MainProcess - INFO -   5. Gen8_Deck2: 0.6250 (15/24)
2025-07-11 21:46:01,833 - MainProcess - INFO - 📊 Sin mejora. Estancamiento: 3/3
2025-07-11 21:46:01,833 - MainProcess - INFO - Terminando por estancamiento tras 3 generaciones sin mejora
2025-07-11 21:46:01,833 - MainProcess - INFO - 🏁 TERMINACIÓN CONTROLADA: stagnation_limit_reached
2025-07-11 21:46:01,833 - MainProcess - INFO - ✅ Mejor resultado obtenido del Hall of Fame:
2025-07-11 21:46:01,834 - MainProcess - INFO -    Fitness: 0.9167
2025-07-11 21:46:01,834 - MainProcess - INFO -    Array sum: 60
2025-07-11 21:46:01,834 - MainProcess - INFO - 🏆 MEJOR FITNESS ALCANZADO: 0.9167
2025-07-11 21:46:01,834 - MainProcess - INFO - 🎯 RAZÓN DE TERMINACIÓN: stagnation_limit_reached
2025-07-11 21:46:01,834 - MainProcess - INFO - 🔄 Ejecutando métodos de finalización...
2025-07-11 21:46:01,835 - MainProcess - INFO - 📊 Guardando estadísticas: 9 generaciones
2025-07-11 21:46:01,837 - MainProcess - INFO - ✅ CSV guardado: mtg_evolved_decks/parallel_evolution_stats.csv
2025-07-11 21:46:02,952 - MainProcess - INFO - ✅ Gráficos guardados: mtg_evolved_decks/parallel_evolution_stats.png
2025-07-11 21:46:02,953 - MainProcess - INFO - ✅ Hall of Fame guardado: 5 entradas en mtg_evolved_decks/parallel_hall_of_fame.json
2025-07-11 21:46:02,954 - MainProcess - INFO - ✅ Estadísticas paralelas guardadas en mtg_evolved_decks
2025-07-11 21:46:02,954 - MainProcess - INFO - ✅ save_statistics() ejecutado correctamente
2025-07-11 21:46:02,954 - MainProcess - INFO - Guardando logs finales paralelos...
2025-07-11 21:46:03,019 - MainProcess - INFO - === ESTADÍSTICAS FINALES PARALELAS ===
2025-07-11 21:46:03,020 - MainProcess - INFO - Workers utilizados: 3
2025-07-11 21:46:03,020 - MainProcess - INFO - Total de combates: 2700
2025-07-11 21:46:03,020 - MainProcess - INFO - Combates exitosos: 2700
2025-07-11 21:46:03,020 - MainProcess - INFO - Tasa de éxito global: 100.0%
2025-07-11 21:46:03,020 - MainProcess - INFO - Rendimiento por worker:
2025-07-11 21:46:03,020 - MainProcess - INFO -   Worker 2318696: 103/103 (100.0%) - Promedio: 33.9s
2025-07-11 21:46:03,020 - MainProcess - INFO -   Worker 2318697: 100/100 (100.0%) - Promedio: 35.1s
2025-07-11 21:46:03,020 - MainProcess - INFO -   Worker 2318698: 97/97 (100.0%) - Promedio: 36.2s
2025-07-11 21:46:03,020 - MainProcess - INFO -   Worker 2447626: 101/101 (100.0%) - Promedio: 33.5s
2025-07-11 21:46:03,020 - MainProcess - INFO -   Worker 2447628: 96/96 (100.0%) - Promedio: 35.3s
2025-07-11 21:46:03,020 - MainProcess - INFO -   Worker 2447627: 103/103 (100.0%) - Promedio: 32.9s
2025-07-11 21:46:03,020 - MainProcess - INFO -   Worker 2570488: 97/97 (100.0%) - Promedio: 32.6s
2025-07-11 21:46:03,020 - MainProcess - INFO -   Worker 2570489: 100/100 (100.0%) - Promedio: 31.7s
2025-07-11 21:46:03,020 - MainProcess - INFO -   Worker 2570487: 103/103 (100.0%) - Promedio: 30.7s
2025-07-11 21:46:03,020 - MainProcess - INFO -   Worker 2687311: 96/96 (100.0%) - Promedio: 35.1s
2025-07-11 21:46:03,020 - MainProcess - INFO -   Worker 2687310: 98/98 (100.0%) - Promedio: 34.6s
2025-07-11 21:46:03,020 - MainProcess - INFO -   Worker 2687309: 106/106 (100.0%) - Promedio: 32.0s
2025-07-11 21:46:03,020 - MainProcess - INFO -   Worker 2807898: 102/102 (100.0%) - Promedio: 35.0s
2025-07-11 21:46:03,020 - MainProcess - INFO -   Worker 2807897: 95/95 (100.0%) - Promedio: 37.7s
2025-07-11 21:46:03,021 - MainProcess - INFO -   Worker 2807899: 103/103 (100.0%) - Promedio: 34.7s
2025-07-11 21:46:03,021 - MainProcess - INFO -   Worker 2928627: 98/98 (100.0%) - Promedio: 40.2s
2025-07-11 21:46:03,021 - MainProcess - INFO -   Worker 2928628: 102/102 (100.0%) - Promedio: 38.7s
2025-07-11 21:46:03,021 - MainProcess - INFO -   Worker 2928626: 100/100 (100.0%) - Promedio: 39.4s
2025-07-11 21:46:03,021 - MainProcess - INFO -   Worker 3056712: 98/98 (100.0%) - Promedio: 40.5s
2025-07-11 21:46:03,021 - MainProcess - INFO -   Worker 3056714: 104/104 (100.0%) - Promedio: 38.1s
2025-07-11 21:46:03,021 - MainProcess - INFO -   Worker 3056713: 98/98 (100.0%) - Promedio: 40.4s
2025-07-11 21:46:03,021 - MainProcess - INFO -   Worker 3183990: 93/93 (100.0%) - Promedio: 44.1s
2025-07-11 21:46:03,021 - MainProcess - INFO -   Worker 3183992: 100/100 (100.0%) - Promedio: 40.9s
2025-07-11 21:46:03,021 - MainProcess - INFO -   Worker 3183991: 107/107 (100.0%) - Promedio: 38.3s
2025-07-11 21:46:03,021 - MainProcess - INFO -   Worker 3313099: 99/99 (100.0%) - Promedio: 38.7s
2025-07-11 21:46:03,021 - MainProcess - INFO -   Worker 3313101: 96/96 (100.0%) - Promedio: 40.1s
2025-07-11 21:46:03,021 - MainProcess - INFO -   Worker 3313100: 105/105 (100.0%) - Promedio: 36.7s
2025-07-11 21:46:03,021 - MainProcess - INFO - Logs guardados en: mtg_evolved_decks/logs
2025-07-11 21:46:03,021 - MainProcess - INFO - ✅ save_final_logs() ejecutado correctamente
2025-07-11 21:46:03,075 - MainProcess - INFO - ✅ Población final guardada: mtg_evolved_decks/final_population_20250711_214603.json
2025-07-11 21:46:03,076 - MainProcess - INFO - ✅ save_final_population() ejecutado: mtg_evolved_decks/final_population_20250711_214603.json
