2025-06-28 18:56:21,388 - MainProcess - INFO - === ALGORITMO GENÉTICO PARALELO INICIADO ===
2025-06-28 18:56:21,388 - MainProcess - INFO - Cargando catálogo de cartas...
2025-06-28 18:56:21,405 - MainProcess - INFO - Población inicial: 30 mazos
2025-06-28 18:56:21,405 - MainProcess - INFO - Configuración paralela: 3 workers, timeout 300s
2025-06-28 18:56:21,413 - MainProcess - INFO - Forge configurado. Directorio de mazos: ./user/decks/constructed
2025-06-28 18:56:21,413 - MainProcess - INFO - Modo: Headless (xvfb-run)
2025-06-28 18:56:21,413 - MainProcess - INFO - Hall of Fame configurado: 5 mejores históricos
2025-06-28 18:56:21,413 - MainProcess - INFO - === INICIANDO ALGORITMO GENÉTICO PARALELO ===
2025-06-28 18:56:21,413 - MainProcess - INFO - Configuración: 30 mazos, 25 generaciones
2025-06-28 18:56:21,414 - MainProcess - INFO - Paralelización: 3 workers, timeout 300s
2025-06-28 18:56:21,414 - MainProcess - INFO - Evaluando población inicial con procesamiento paralelo...
2025-06-28 18:56:21,414 - MainProcess - INFO - === EVALUACIÓN PARALELA GENERACIÓN 0 ===
2025-06-28 18:56:21,414 - MainProcess - INFO - Población: 30 mazos
2025-06-28 18:56:21,414 - MainProcess - INFO - Workers paralelos: 3
2025-06-28 18:56:21,414 - MainProcess - INFO - Total de enfrentamientos: 435
2025-06-28 18:56:21,421 - MainProcess - INFO - Ejecutando 870 combates en paralelo...
2025-06-28 21:09:40,529 - MainProcess - INFO - === RESULTADOS GENERACIÓN 0 ===
2025-06-28 21:09:40,529 - MainProcess - INFO - Duración total: 133.3 minutos
2025-06-28 21:09:40,529 - MainProcess - INFO - Combates exitosos: 870/870
2025-06-28 21:09:40,529 - MainProcess - INFO - Combates fallidos: 0
2025-06-28 21:09:40,529 - MainProcess - INFO - Mejor fitness: 0.8966
2025-06-28 21:09:40,530 - MainProcess - INFO - Fitness promedio: 0.5000
2025-06-28 21:09:40,530 - MainProcess - INFO - Top 5 mazos:
2025-06-28 21:09:40,530 - MainProcess - INFO -   1. Gen0_Deck2: 0.8966 (52/58)
2025-06-28 21:09:40,530 - MainProcess - INFO -   2. Gen0_Deck0: 0.8793 (51/58)
2025-06-28 21:09:40,530 - MainProcess - INFO -   3. Gen0_Deck1: 0.8448 (49/58)
2025-06-28 21:09:40,530 - MainProcess - INFO -   4. Gen0_Deck4: 0.7586 (44/58)
2025-06-28 21:09:40,530 - MainProcess - INFO -   5. Gen0_Deck6: 0.6897 (40/58)
2025-06-28 21:09:40,534 - MainProcess - INFO - 🏆 Hall of Fame expandido: 0 → 5
2025-06-28 21:09:40,535 - MainProcess - INFO - 🏆 Hall of Fame inicializado con 5 individuos
2025-06-28 21:09:40,535 - MainProcess - INFO - Gen 0: Mejor=0.8966, Promedio=0.5000, Diversidad=0.0485
2025-06-28 21:09:40,536 - MainProcess - INFO - 
===== Generación 1 =====
2025-06-28 21:09:40,573 - MainProcess - INFO - Evaluando generación 1 con 3 workers...
2025-06-28 21:09:40,573 - MainProcess - INFO - === EVALUACIÓN PARALELA GENERACIÓN 1 ===
2025-06-28 21:09:40,573 - MainProcess - INFO - Población: 30 mazos
2025-06-28 21:09:40,573 - MainProcess - INFO - Workers paralelos: 3
2025-06-28 21:09:40,573 - MainProcess - INFO - Total de enfrentamientos: 435
2025-06-28 21:09:40,573 - MainProcess - INFO - Manteniendo mazos existentes para generación 1
2025-06-28 21:09:40,584 - MainProcess - INFO - Ejecutando 870 combates en paralelo...
2025-06-28 23:17:11,371 - MainProcess - INFO - === RESULTADOS GENERACIÓN 1 ===
2025-06-28 23:17:11,372 - MainProcess - INFO - Duración total: 127.5 minutos
2025-06-28 23:17:11,372 - MainProcess - INFO - Combates exitosos: 870/870
2025-06-28 23:17:11,372 - MainProcess - INFO - Combates fallidos: 0
2025-06-28 23:17:11,372 - MainProcess - INFO - Mejor fitness: 0.9310
2025-06-28 23:17:11,373 - MainProcess - INFO - Fitness promedio: 0.5000
2025-06-28 23:17:11,373 - MainProcess - INFO - Top 5 mazos:
2025-06-28 23:17:11,373 - MainProcess - INFO -   1. Gen1_Deck0: 0.9310 (54/58)
2025-06-28 23:17:11,373 - MainProcess - INFO -   2. Gen1_Deck1: 0.8966 (52/58)
2025-06-28 23:17:11,373 - MainProcess - INFO -   3. Gen1_Deck4: 0.8966 (52/58)
2025-06-28 23:17:11,373 - MainProcess - INFO -   4. Gen1_Deck2: 0.8276 (48/58)
2025-06-28 23:17:11,373 - MainProcess - INFO -   5. Gen1_Deck5: 0.7241 (42/58)
2025-06-28 23:17:11,433 - MainProcess - INFO - Mejor=0.9310, Promedio=0.5000, Diversidad=0.1384
2025-06-28 23:17:11,434 - MainProcess - INFO - Tasa de mutación actual: 0.0500
2025-06-28 23:17:11,434 - MainProcess - INFO - 🎉 Nuevo récord en Hall of Fame: 0.9310
2025-06-28 23:17:11,435 - MainProcess - INFO - Guardando mejor mazo de generación 1
2025-06-28 23:17:11,438 - MainProcess - INFO - Mejor mazo guardado: mtg_evolved_decks/best_deck_gen_1.json y mtg_evolved_decks/best_deck_gen_1.dck
2025-06-28 23:17:11,438 - MainProcess - INFO - 🏆 === HALL OF FAME GEN 1 ===
2025-06-28 23:17:11,438 - MainProcess - INFO -    1. Fitness histórico: 0.9310
2025-06-28 23:17:11,438 - MainProcess - INFO -    2. Fitness histórico: 0.8966
2025-06-28 23:17:11,438 - MainProcess - INFO -    3. Fitness histórico: 0.8966
2025-06-28 23:17:11,438 - MainProcess - INFO -    Mejor histórico: 0.9310
2025-06-28 23:17:11,438 - MainProcess - INFO -    Mejor actual: 0.9310
2025-06-28 23:17:11,439 - MainProcess - INFO -    🎉 Posible mejora o mantenimiento
2025-06-28 23:17:11,439 - MainProcess - INFO - 
===== Generación 2 =====
2025-06-28 23:17:11,449 - MainProcess - INFO - Evaluando generación 2 con 3 workers...
2025-06-28 23:17:11,449 - MainProcess - INFO - === EVALUACIÓN PARALELA GENERACIÓN 2 ===
2025-06-28 23:17:11,449 - MainProcess - INFO - Población: 30 mazos
2025-06-28 23:17:11,450 - MainProcess - INFO - Workers paralelos: 3
2025-06-28 23:17:11,450 - MainProcess - INFO - Total de enfrentamientos: 435
2025-06-28 23:17:11,450 - MainProcess - INFO - Manteniendo mazos existentes para generación 2
2025-06-28 23:17:11,459 - MainProcess - INFO - Ejecutando 870 combates en paralelo...
2025-06-29 01:27:20,290 - MainProcess - INFO - === RESULTADOS GENERACIÓN 2 ===
2025-06-29 01:27:20,290 - MainProcess - INFO - Duración total: 130.1 minutos
2025-06-29 01:27:20,290 - MainProcess - INFO - Combates exitosos: 870/870
2025-06-29 01:27:20,290 - MainProcess - INFO - Combates fallidos: 0
2025-06-29 01:27:20,291 - MainProcess - INFO - Mejor fitness: 0.8448
2025-06-29 01:27:20,291 - MainProcess - INFO - Fitness promedio: 0.5000
2025-06-29 01:27:20,291 - MainProcess - INFO - Top 5 mazos:
2025-06-29 01:27:20,291 - MainProcess - INFO -   1. Gen2_Deck0: 0.8448 (49/58)
2025-06-29 01:27:20,291 - MainProcess - INFO -   2. Gen2_Deck1: 0.8448 (49/58)
2025-06-29 01:27:20,292 - MainProcess - INFO -   3. Gen2_Deck4: 0.8448 (49/58)
2025-06-29 01:27:20,292 - MainProcess - INFO -   4. Gen2_Deck5: 0.7759 (45/58)
2025-06-29 01:27:20,292 - MainProcess - INFO -   5. Gen2_Deck7: 0.7241 (42/58)
2025-06-29 01:27:20,299 - MainProcess - INFO - Mejor=0.8448, Promedio=0.5000, Diversidad=0.1714
2025-06-29 01:27:20,299 - MainProcess - INFO - Tasa de mutación actual: 0.0500
2025-06-29 01:27:20,299 - MainProcess - INFO - Sin mejora durante 1 generaciones
2025-06-29 01:27:20,300 - MainProcess - INFO - 🏆 === HALL OF FAME GEN 2 ===
2025-06-29 01:27:20,300 - MainProcess - INFO -    1. Fitness histórico: 0.9310
2025-06-29 01:27:20,300 - MainProcess - INFO -    2. Fitness histórico: 0.8966
2025-06-29 01:27:20,300 - MainProcess - INFO -    3. Fitness histórico: 0.8966
2025-06-29 01:27:20,300 - MainProcess - INFO -    Mejor histórico: 0.9310
2025-06-29 01:27:20,300 - MainProcess - INFO -    Mejor actual: 0.8448
2025-06-29 01:27:20,300 - MainProcess - INFO -    ✅ Sin regresión - Hall of Fame funciona
2025-06-29 01:27:20,300 - MainProcess - INFO - 
===== Generación 3 =====
2025-06-29 01:27:20,311 - MainProcess - INFO - Evaluando generación 3 con 3 workers...
2025-06-29 01:27:20,311 - MainProcess - INFO - === EVALUACIÓN PARALELA GENERACIÓN 3 ===
2025-06-29 01:27:20,311 - MainProcess - INFO - Población: 30 mazos
2025-06-29 01:27:20,311 - MainProcess - INFO - Workers paralelos: 3
2025-06-29 01:27:20,312 - MainProcess - INFO - Total de enfrentamientos: 435
2025-06-29 01:27:20,312 - MainProcess - INFO - Manteniendo mazos existentes para generación 3
2025-06-29 01:27:20,324 - MainProcess - INFO - Ejecutando 870 combates en paralelo...
2025-06-29 03:50:49,514 - MainProcess - INFO - === RESULTADOS GENERACIÓN 3 ===
2025-06-29 03:50:49,514 - MainProcess - INFO - Duración total: 143.5 minutos
2025-06-29 03:50:49,515 - MainProcess - INFO - Combates exitosos: 870/870
2025-06-29 03:50:49,515 - MainProcess - INFO - Combates fallidos: 0
2025-06-29 03:50:49,515 - MainProcess - INFO - Mejor fitness: 0.8966
2025-06-29 03:50:49,515 - MainProcess - INFO - Fitness promedio: 0.5000
2025-06-29 03:50:49,515 - MainProcess - INFO - Top 5 mazos:
2025-06-29 03:50:49,515 - MainProcess - INFO -   1. Gen3_Deck0: 0.8966 (52/58)
2025-06-29 03:50:49,515 - MainProcess - INFO -   2. Gen3_Deck2: 0.8966 (52/58)
2025-06-29 03:50:49,515 - MainProcess - INFO -   3. Gen3_Deck1: 0.8448 (49/58)
2025-06-29 03:50:49,515 - MainProcess - INFO -   4. Gen3_Deck3: 0.7241 (42/58)
2025-06-29 03:50:49,515 - MainProcess - INFO -   5. Gen3_Deck4: 0.6897 (40/58)
2025-06-29 03:50:49,520 - MainProcess - INFO - Mejor=0.8966, Promedio=0.5000, Diversidad=0.2469
2025-06-29 03:50:49,520 - MainProcess - INFO - Tasa de mutación actual: 0.0500
2025-06-29 03:50:49,521 - MainProcess - INFO - Sin mejora durante 2 generaciones
2025-06-29 03:50:49,521 - MainProcess - INFO - 🏆 === HALL OF FAME GEN 3 ===
2025-06-29 03:50:49,521 - MainProcess - INFO -    1. Fitness histórico: 0.9310
2025-06-29 03:50:49,521 - MainProcess - INFO -    2. Fitness histórico: 0.8966
2025-06-29 03:50:49,521 - MainProcess - INFO -    3. Fitness histórico: 0.8966
2025-06-29 03:50:49,521 - MainProcess - INFO -    Mejor histórico: 0.9310
2025-06-29 03:50:49,521 - MainProcess - INFO -    Mejor actual: 0.8966
2025-06-29 03:50:49,521 - MainProcess - INFO -    ✅ Sin regresión - Hall of Fame funciona
2025-06-29 03:50:49,521 - MainProcess - INFO - 
===== Generación 4 =====
2025-06-29 03:50:49,532 - MainProcess - INFO - Evaluando generación 4 con 3 workers...
2025-06-29 03:50:49,532 - MainProcess - INFO - === EVALUACIÓN PARALELA GENERACIÓN 4 ===
2025-06-29 03:50:49,532 - MainProcess - INFO - Población: 30 mazos
2025-06-29 03:50:49,532 - MainProcess - INFO - Workers paralelos: 3
2025-06-29 03:50:49,532 - MainProcess - INFO - Total de enfrentamientos: 435
2025-06-29 03:50:49,532 - MainProcess - INFO - Manteniendo mazos existentes para generación 4
2025-06-29 03:50:49,541 - MainProcess - INFO - Ejecutando 870 combates en paralelo...
2025-06-29 05:57:44,401 - MainProcess - INFO - === RESULTADOS GENERACIÓN 4 ===
2025-06-29 05:57:44,402 - MainProcess - INFO - Duración total: 126.9 minutos
2025-06-29 05:57:44,402 - MainProcess - INFO - Combates exitosos: 870/870
2025-06-29 05:57:44,402 - MainProcess - INFO - Combates fallidos: 0
2025-06-29 05:57:44,402 - MainProcess - INFO - Mejor fitness: 0.9310
2025-06-29 05:57:44,402 - MainProcess - INFO - Fitness promedio: 0.5000
2025-06-29 05:57:44,402 - MainProcess - INFO - Top 5 mazos:
2025-06-29 05:57:44,402 - MainProcess - INFO -   1. Gen4_Deck1: 0.9310 (54/58)
2025-06-29 05:57:44,402 - MainProcess - INFO -   2. Gen4_Deck8: 0.7931 (46/58)
2025-06-29 05:57:44,402 - MainProcess - INFO -   3. Gen4_Deck3: 0.7759 (45/58)
2025-06-29 05:57:44,402 - MainProcess - INFO -   4. Gen4_Deck6: 0.7586 (44/58)
2025-06-29 05:57:44,402 - MainProcess - INFO -   5. Gen4_Deck0: 0.7414 (43/58)
2025-06-29 05:57:44,407 - MainProcess - INFO - Mejor=0.9310, Promedio=0.5000, Diversidad=0.3057
2025-06-29 05:57:44,407 - MainProcess - INFO - Tasa de mutación actual: 0.0500
2025-06-29 05:57:44,407 - MainProcess - INFO - Sin mejora durante 3 generaciones
2025-06-29 05:57:44,407 - MainProcess - INFO - 🏆 === HALL OF FAME GEN 4 ===
2025-06-29 05:57:44,407 - MainProcess - INFO -    1. Fitness histórico: 0.9310
2025-06-29 05:57:44,407 - MainProcess - INFO -    2. Fitness histórico: 0.9310
2025-06-29 05:57:44,407 - MainProcess - INFO -    3. Fitness histórico: 0.8966
2025-06-29 05:57:44,407 - MainProcess - INFO -    Mejor histórico: 0.9310
2025-06-29 05:57:44,407 - MainProcess - INFO -    Mejor actual: 0.9310
2025-06-29 05:57:44,407 - MainProcess - INFO -    🎉 Posible mejora o mantenimiento
2025-06-29 05:57:44,408 - MainProcess - INFO - 
===== Generación 5 =====
2025-06-29 05:57:44,416 - MainProcess - INFO - Evaluando generación 5 con 3 workers...
2025-06-29 05:57:44,416 - MainProcess - INFO - === EVALUACIÓN PARALELA GENERACIÓN 5 ===
2025-06-29 05:57:44,416 - MainProcess - INFO - Población: 30 mazos
2025-06-29 05:57:44,417 - MainProcess - INFO - Workers paralelos: 3
2025-06-29 05:57:44,417 - MainProcess - INFO - Total de enfrentamientos: 435
2025-06-29 05:57:44,417 - MainProcess - INFO - Manteniendo mazos existentes para generación 5
2025-06-29 05:57:44,424 - MainProcess - INFO - Ejecutando 870 combates en paralelo...
2025-06-29 08:05:06,358 - MainProcess - INFO - === RESULTADOS GENERACIÓN 5 ===
2025-06-29 08:05:06,359 - MainProcess - INFO - Duración total: 127.4 minutos
2025-06-29 08:05:06,359 - MainProcess - INFO - Combates exitosos: 870/870
2025-06-29 08:05:06,359 - MainProcess - INFO - Combates fallidos: 0
2025-06-29 08:05:06,360 - MainProcess - INFO - Mejor fitness: 0.8966
2025-06-29 08:05:06,360 - MainProcess - INFO - Fitness promedio: 0.5000
2025-06-29 08:05:06,360 - MainProcess - INFO - Top 5 mazos:
2025-06-29 08:05:06,360 - MainProcess - INFO -   1. Gen5_Deck1: 0.8966 (52/58)
2025-06-29 08:05:06,360 - MainProcess - INFO -   2. Gen5_Deck2: 0.8793 (51/58)
2025-06-29 08:05:06,360 - MainProcess - INFO -   3. Gen5_Deck3: 0.8103 (47/58)
2025-06-29 08:05:06,360 - MainProcess - INFO -   4. Gen5_Deck0: 0.7586 (44/58)
2025-06-29 08:05:06,360 - MainProcess - INFO -   5. Gen5_Deck5: 0.7241 (42/58)
2025-06-29 08:05:06,367 - MainProcess - INFO - Mejor=0.8966, Promedio=0.5000, Diversidad=0.2786
2025-06-29 08:05:06,367 - MainProcess - INFO - Tasa de mutación actual: 0.0500
2025-06-29 08:05:06,368 - MainProcess - INFO - Sin mejora durante 4 generaciones
2025-06-29 08:05:06,368 - MainProcess - INFO - 🏆 === HALL OF FAME GEN 5 ===
2025-06-29 08:05:06,368 - MainProcess - INFO -    1. Fitness histórico: 0.9310
2025-06-29 08:05:06,368 - MainProcess - INFO -    2. Fitness histórico: 0.9310
2025-06-29 08:05:06,368 - MainProcess - INFO -    3. Fitness histórico: 0.8966
2025-06-29 08:05:06,368 - MainProcess - INFO -    Mejor histórico: 0.9310
2025-06-29 08:05:06,368 - MainProcess - INFO -    Mejor actual: 0.8966
2025-06-29 08:05:06,368 - MainProcess - INFO -    ✅ Sin regresión - Hall of Fame funciona
2025-06-29 08:05:06,368 - MainProcess - INFO - 
===== Generación 6 =====
2025-06-29 08:05:06,378 - MainProcess - INFO - Evaluando generación 6 con 3 workers...
2025-06-29 08:05:06,378 - MainProcess - INFO - === EVALUACIÓN PARALELA GENERACIÓN 6 ===
2025-06-29 08:05:06,378 - MainProcess - INFO - Población: 30 mazos
2025-06-29 08:05:06,378 - MainProcess - INFO - Workers paralelos: 3
2025-06-29 08:05:06,378 - MainProcess - INFO - Total de enfrentamientos: 435
2025-06-29 08:05:06,378 - MainProcess - INFO - Manteniendo mazos existentes para generación 6
2025-06-29 08:05:06,388 - MainProcess - INFO - Ejecutando 870 combates en paralelo...
2025-06-29 10:20:50,042 - MainProcess - INFO - === RESULTADOS GENERACIÓN 6 ===
2025-06-29 10:20:50,042 - MainProcess - INFO - Duración total: 135.7 minutos
2025-06-29 10:20:50,042 - MainProcess - INFO - Combates exitosos: 870/870
2025-06-29 10:20:50,043 - MainProcess - INFO - Combates fallidos: 0
2025-06-29 10:20:50,043 - MainProcess - INFO - Mejor fitness: 0.9310
2025-06-29 10:20:50,043 - MainProcess - INFO - Fitness promedio: 0.5000
2025-06-29 10:20:50,043 - MainProcess - INFO - Top 5 mazos:
2025-06-29 10:20:50,043 - MainProcess - INFO -   1. Gen6_Deck2: 0.9310 (54/58)
2025-06-29 10:20:50,043 - MainProcess - INFO -   2. Gen6_Deck3: 0.8621 (50/58)
2025-06-29 10:20:50,043 - MainProcess - INFO -   3. Gen6_Deck1: 0.7931 (46/58)
2025-06-29 10:20:50,043 - MainProcess - INFO -   4. Gen6_Deck0: 0.7414 (43/58)
2025-06-29 10:20:50,043 - MainProcess - INFO -   5. Gen6_Deck6: 0.7414 (43/58)
2025-06-29 10:20:50,049 - MainProcess - INFO - Mejor=0.9310, Promedio=0.5000, Diversidad=0.3276
2025-06-29 10:20:50,050 - MainProcess - INFO - Tasa de mutación actual: 0.0500
2025-06-29 10:20:50,050 - MainProcess - INFO - Sin mejora durante 5 generaciones
2025-06-29 10:20:50,050 - MainProcess - INFO - 🏆 === HALL OF FAME GEN 6 ===
2025-06-29 10:20:50,050 - MainProcess - INFO -    1. Fitness histórico: 0.9310
2025-06-29 10:20:50,050 - MainProcess - INFO -    2. Fitness histórico: 0.9310
2025-06-29 10:20:50,050 - MainProcess - INFO -    3. Fitness histórico: 0.9310
2025-06-29 10:20:50,050 - MainProcess - INFO -    Mejor histórico: 0.9310
2025-06-29 10:20:50,050 - MainProcess - INFO -    Mejor actual: 0.9310
2025-06-29 10:20:50,050 - MainProcess - INFO -    🎉 Posible mejora o mantenimiento
2025-06-29 10:20:50,050 - MainProcess - INFO - 
===== Generación 7 =====
2025-06-29 10:20:50,066 - MainProcess - INFO - Evaluando generación 7 con 3 workers...
2025-06-29 10:20:50,066 - MainProcess - INFO - === EVALUACIÓN PARALELA GENERACIÓN 7 ===
2025-06-29 10:20:50,066 - MainProcess - INFO - Población: 30 mazos
2025-06-29 10:20:50,066 - MainProcess - INFO - Workers paralelos: 3
2025-06-29 10:20:50,066 - MainProcess - INFO - Total de enfrentamientos: 435
2025-06-29 10:20:50,066 - MainProcess - INFO - Manteniendo mazos existentes para generación 7
2025-06-29 10:20:50,078 - MainProcess - INFO - Ejecutando 870 combates en paralelo...
2025-06-29 12:40:49,950 - MainProcess - INFO - === RESULTADOS GENERACIÓN 7 ===
2025-06-29 12:40:49,951 - MainProcess - INFO - Duración total: 140.0 minutos
2025-06-29 12:40:49,951 - MainProcess - INFO - Combates exitosos: 870/870
2025-06-29 12:40:49,951 - MainProcess - INFO - Combates fallidos: 0
2025-06-29 12:40:49,951 - MainProcess - INFO - Mejor fitness: 0.8621
2025-06-29 12:40:49,952 - MainProcess - INFO - Fitness promedio: 0.5000
2025-06-29 12:40:49,952 - MainProcess - INFO - Top 5 mazos:
2025-06-29 12:40:49,952 - MainProcess - INFO -   1. Gen7_Deck1: 0.8621 (50/58)
2025-06-29 12:40:49,952 - MainProcess - INFO -   2. Gen7_Deck5: 0.7931 (46/58)
2025-06-29 12:40:49,952 - MainProcess - INFO -   3. Gen7_Deck7: 0.7414 (43/58)
2025-06-29 12:40:49,952 - MainProcess - INFO -   4. Gen7_Deck0: 0.7069 (41/58)
2025-06-29 12:40:49,952 - MainProcess - INFO -   5. Gen7_Deck2: 0.7069 (41/58)
2025-06-29 12:40:49,958 - MainProcess - INFO - Mejor=0.8621, Promedio=0.5000, Diversidad=0.1667
2025-06-29 12:40:49,958 - MainProcess - INFO - Tasa de mutación actual: 0.0500
2025-06-29 12:40:49,958 - MainProcess - INFO - Sin mejora durante 6 generaciones
2025-06-29 12:40:49,958 - MainProcess - INFO - Terminando por estancamiento (6 generaciones sin mejora)
2025-06-29 12:40:49,960 - MainProcess - INFO - 🏆 GANADOR FINAL guardado:
2025-06-29 12:40:49,961 - MainProcess - INFO -    JSON: mtg_evolved_decks/WINNER_FINAL.json
2025-06-29 12:40:49,961 - MainProcess - INFO -    DCK: mtg_evolved_decks/WINNER_FINAL.dck
2025-06-29 12:40:49,961 - MainProcess - INFO -    Fitness: 0.9310
2025-06-29 12:40:49,961 - MainProcess - INFO -    Generación: 1
2025-06-29 12:40:51,066 - MainProcess - INFO - Estadísticas paralelas guardadas en mtg_evolved_decks
2025-06-29 12:40:51,067 - MainProcess - INFO - Guardando logs finales paralelos...
2025-06-29 12:40:51,247 - MainProcess - INFO - === ESTADÍSTICAS FINALES PARALELAS ===
2025-06-29 12:40:51,247 - MainProcess - INFO - Workers utilizados: 3
2025-06-29 12:40:51,247 - MainProcess - INFO - Total de combates: 6960
2025-06-29 12:40:51,247 - MainProcess - INFO - Combates exitosos: 6960
2025-06-29 12:40:51,247 - MainProcess - INFO - Tasa de éxito global: 100.0%
2025-06-29 12:40:51,247 - MainProcess - INFO - Rendimiento por worker:
2025-06-29 12:40:51,247 - MainProcess - INFO -   Worker 1832525: 290/290 (100.0%) - Promedio: 27.5s
2025-06-29 12:40:51,248 - MainProcess - INFO -   Worker 1832524: 297/297 (100.0%) - Promedio: 26.9s
2025-06-29 12:40:51,248 - MainProcess - INFO -   Worker 1832526: 283/283 (100.0%) - Promedio: 28.2s
2025-06-29 12:40:51,248 - MainProcess - INFO -   Worker 2031307: 267/267 (100.0%) - Promedio: 28.7s
2025-06-29 12:40:51,248 - MainProcess - INFO -   Worker 2031308: 312/312 (100.0%) - Promedio: 24.5s
2025-06-29 12:40:51,248 - MainProcess - INFO -   Worker 2031306: 291/291 (100.0%) - Promedio: 26.2s
2025-06-29 12:40:51,248 - MainProcess - INFO -   Worker 2227704: 300/300 (100.0%) - Promedio: 26.0s
2025-06-29 12:40:51,248 - MainProcess - INFO -   Worker 2227705: 295/295 (100.0%) - Promedio: 26.5s
2025-06-29 12:40:51,248 - MainProcess - INFO -   Worker 2227703: 275/275 (100.0%) - Promedio: 28.4s
2025-06-29 12:40:51,248 - MainProcess - INFO -   Worker 2418661: 280/280 (100.0%) - Promedio: 30.7s
2025-06-29 12:40:51,248 - MainProcess - INFO -   Worker 2418660: 294/294 (100.0%) - Promedio: 29.3s
2025-06-29 12:40:51,248 - MainProcess - INFO -   Worker 2418662: 296/296 (100.0%) - Promedio: 29.0s
2025-06-29 12:40:51,248 - MainProcess - INFO -   Worker 2621219: 274/274 (100.0%) - Promedio: 27.8s
2025-06-29 12:40:51,248 - MainProcess - INFO -   Worker 2621218: 295/295 (100.0%) - Promedio: 25.8s
2025-06-29 12:40:51,248 - MainProcess - INFO -   Worker 2621220: 301/301 (100.0%) - Promedio: 25.3s
2025-06-29 12:40:51,248 - MainProcess - INFO -   Worker 2818999: 297/297 (100.0%) - Promedio: 25.7s
2025-06-29 12:40:51,248 - MainProcess - INFO -   Worker 2818998: 286/286 (100.0%) - Promedio: 26.7s
2025-06-29 12:40:51,248 - MainProcess - INFO -   Worker 2818997: 287/287 (100.0%) - Promedio: 26.6s
2025-06-29 12:40:51,248 - MainProcess - INFO -   Worker 3014462: 284/284 (100.0%) - Promedio: 28.6s
2025-06-29 12:40:51,248 - MainProcess - INFO -   Worker 3014463: 285/285 (100.0%) - Promedio: 28.5s
2025-06-29 12:40:51,248 - MainProcess - INFO -   Worker 3014461: 301/301 (100.0%) - Promedio: 27.1s
2025-06-29 12:40:51,248 - MainProcess - INFO -   Worker 3209161: 278/278 (100.0%) - Promedio: 30.2s
2025-06-29 12:40:51,249 - MainProcess - INFO -   Worker 3209162: 308/308 (100.0%) - Promedio: 27.2s
2025-06-29 12:40:51,249 - MainProcess - INFO -   Worker 3209160: 284/284 (100.0%) - Promedio: 29.5s
2025-06-29 12:40:51,249 - MainProcess - INFO - Logs guardados en: mtg_evolved_decks/logs
