2025-07-10 13:15:11,339 - MainProcess - INFO - === ALGORITMO GENÉTICO PARALELO INICIADO ===
2025-07-10 13:15:11,339 - MainProcess - INFO - Cargando catálogo de cartas...
2025-07-10 13:15:11,352 - MainProcess - INFO - Población inicial: 35 mazos
2025-07-10 13:15:11,352 - MainProcess - INFO - Configuración paralela: 3 workers, timeout 300s
2025-07-10 13:15:11,416 - MainProcess - INFO - Forge configurado. Directorio de mazos: ./user/decks/constructed
2025-07-10 13:15:11,416 - MainProcess - INFO - Modo: Headless (xvfb-run)
2025-07-10 13:15:11,417 - MainProcess - INFO - Hall of Fame configurado: 5 mejores históricos
2025-07-10 13:15:11,417 - MainProcess - INFO - === INICIANDO ALGORITMO GENÉTICO CON ANTI-ESTANCAMIENTO ===
2025-07-10 13:15:11,417 - MainProcess - INFO - Configuración: 35 mazos, 20 generaciones
2025-07-10 13:15:11,417 - MainProcess - INFO - Paralelización: 3 workers, timeout 300s
2025-07-10 13:15:11,417 - MainProcess - INFO - Evaluando población inicial con procesamiento paralelo...
2025-07-10 13:15:11,417 - MainProcess - INFO - === EVALUACIÓN PARALELA GENERACIÓN 0 ===
2025-07-10 13:15:11,417 - MainProcess - INFO - Población: 35 mazos
2025-07-10 13:15:11,417 - MainProcess - INFO - Workers paralelos: 3
2025-07-10 13:15:11,417 - MainProcess - INFO - Total de enfrentamientos: 595
2025-07-10 13:15:11,425 - MainProcess - INFO - Ejecutando 595 combates en paralelo... (OPTIMIZADO: 50% menos)
2025-07-10 15:01:20,643 - MainProcess - INFO - === RESULTADOS GENERACIÓN 0 ===
2025-07-10 15:01:20,643 - MainProcess - INFO - Duración total: 106.2 minutos
2025-07-10 15:01:20,643 - MainProcess - INFO - Combates exitosos: 595/595
2025-07-10 15:01:20,644 - MainProcess - INFO - Combates fallidos: 0
2025-07-10 15:01:20,644 - MainProcess - INFO - Mejor fitness: 0.7941
2025-07-10 15:01:20,644 - MainProcess - INFO - Fitness promedio: 0.5000
2025-07-10 15:01:20,644 - MainProcess - INFO - Top 5 mazos:
2025-07-10 15:01:20,644 - MainProcess - INFO -   1. Gen0_Deck1: 0.7941 (27/34)
2025-07-10 15:01:20,645 - MainProcess - INFO -   2. Gen0_Deck5: 0.7941 (27/34)
2025-07-10 15:01:20,645 - MainProcess - INFO -   3. Gen0_Deck0: 0.7353 (25/34)
2025-07-10 15:01:20,645 - MainProcess - INFO -   4. Gen0_Deck9: 0.7059 (24/34)
2025-07-10 15:01:20,645 - MainProcess - INFO -   5. Gen0_Deck20: 0.7059 (24/34)
2025-07-10 15:01:20,688 - MainProcess - INFO - Población detallada guardada: mtg_evolved_decks/population_arrays_detailed_gen_000_20250710_150120.json
2025-07-10 15:01:20,879 - MainProcess - INFO - 🏆 Hall of Fame expandido: 0 → 5
2025-07-10 15:01:20,879 - MainProcess - INFO - 
=== GENERACIÓN 1 ===
2025-07-10 15:01:20,891 - MainProcess - INFO - === EVALUACIÓN PARALELA GENERACIÓN 1 ===
2025-07-10 15:01:20,891 - MainProcess - INFO - Población: 35 mazos
2025-07-10 15:01:20,891 - MainProcess - INFO - Workers paralelos: 3
2025-07-10 15:01:20,891 - MainProcess - INFO - Total de enfrentamientos: 595
2025-07-10 15:01:20,891 - MainProcess - INFO - Manteniendo mazos existentes para generación 1
2025-07-10 15:01:20,899 - MainProcess - INFO - Ejecutando 595 combates en paralelo... (OPTIMIZADO: 50% menos)
2025-07-10 16:43:51,118 - MainProcess - INFO - === RESULTADOS GENERACIÓN 1 ===
2025-07-10 16:43:51,118 - MainProcess - INFO - Duración total: 102.5 minutos
2025-07-10 16:43:51,119 - MainProcess - INFO - Combates exitosos: 595/595
2025-07-10 16:43:51,119 - MainProcess - INFO - Combates fallidos: 0
2025-07-10 16:43:51,119 - MainProcess - INFO - Mejor fitness: 0.7353
2025-07-10 16:43:51,119 - MainProcess - INFO - Fitness promedio: 0.5000
2025-07-10 16:43:51,119 - MainProcess - INFO - Top 5 mazos:
2025-07-10 16:43:51,119 - MainProcess - INFO -   1. Gen1_Deck1: 0.7353 (25/34)
2025-07-10 16:43:51,119 - MainProcess - INFO -   2. Gen1_Deck15: 0.7353 (25/34)
2025-07-10 16:43:51,119 - MainProcess - INFO -   3. Gen1_Deck18: 0.7353 (25/34)
2025-07-10 16:43:51,119 - MainProcess - INFO -   4. Gen1_Deck0: 0.7059 (24/34)
2025-07-10 16:43:51,119 - MainProcess - INFO -   5. Gen1_Deck13: 0.7059 (24/34)
2025-07-10 16:43:51,132 - MainProcess - INFO - Población detallada guardada: mtg_evolved_decks/population_arrays_detailed_gen_001_20250710_164351.json
2025-07-10 16:43:51,134 - MainProcess - INFO - 📊 Sin mejora. Estancamiento: 1/5
2025-07-10 16:43:51,134 - MainProcess - INFO - 
=== GENERACIÓN 2 ===
2025-07-10 16:43:51,145 - MainProcess - INFO - === EVALUACIÓN PARALELA GENERACIÓN 2 ===
2025-07-10 16:43:51,145 - MainProcess - INFO - Población: 35 mazos
2025-07-10 16:43:51,145 - MainProcess - INFO - Workers paralelos: 3
2025-07-10 16:43:51,145 - MainProcess - INFO - Total de enfrentamientos: 595
2025-07-10 16:43:51,145 - MainProcess - INFO - Manteniendo mazos existentes para generación 2
2025-07-10 16:43:51,152 - MainProcess - INFO - Ejecutando 595 combates en paralelo... (OPTIMIZADO: 50% menos)
2025-07-10 18:33:52,451 - MainProcess - INFO - === RESULTADOS GENERACIÓN 2 ===
2025-07-10 18:33:52,451 - MainProcess - INFO - Duración total: 110.0 minutos
2025-07-10 18:33:52,451 - MainProcess - INFO - Combates exitosos: 595/595
2025-07-10 18:33:52,451 - MainProcess - INFO - Combates fallidos: 0
2025-07-10 18:33:52,452 - MainProcess - INFO - Mejor fitness: 0.9118
2025-07-10 18:33:52,452 - MainProcess - INFO - Fitness promedio: 0.5000
2025-07-10 18:33:52,452 - MainProcess - INFO - Top 5 mazos:
2025-07-10 18:33:52,452 - MainProcess - INFO -   1. Gen2_Deck1: 0.9118 (31/34)
2025-07-10 18:33:52,452 - MainProcess - INFO -   2. Gen2_Deck34: 0.8824 (30/34)
2025-07-10 18:33:52,452 - MainProcess - INFO -   3. Gen2_Deck15: 0.7059 (24/34)
2025-07-10 18:33:52,452 - MainProcess - INFO -   4. Gen2_Deck18: 0.6765 (23/34)
2025-07-10 18:33:52,452 - MainProcess - INFO -   5. Gen2_Deck12: 0.6471 (22/34)
2025-07-10 18:33:52,457 - MainProcess - INFO - 🎉 NUEVO MEJOR FITNESS: 0.9118 (Gen 2)
2025-07-10 18:33:52,457 - MainProcess - INFO - 
=== GENERACIÓN 3 ===
2025-07-10 18:33:52,465 - MainProcess - INFO - === EVALUACIÓN PARALELA GENERACIÓN 3 ===
2025-07-10 18:33:52,466 - MainProcess - INFO - Población: 35 mazos
2025-07-10 18:33:52,466 - MainProcess - INFO - Workers paralelos: 3
2025-07-10 18:33:52,466 - MainProcess - INFO - Total de enfrentamientos: 595
2025-07-10 18:33:52,466 - MainProcess - INFO - Manteniendo mazos existentes para generación 3
2025-07-10 18:33:52,473 - MainProcess - INFO - Ejecutando 595 combates en paralelo... (OPTIMIZADO: 50% menos)
2025-07-10 20:35:22,252 - MainProcess - INFO - === RESULTADOS GENERACIÓN 3 ===
2025-07-10 20:35:22,252 - MainProcess - INFO - Duración total: 121.5 minutos
2025-07-10 20:35:22,252 - MainProcess - INFO - Combates exitosos: 595/595
2025-07-10 20:35:22,252 - MainProcess - INFO - Combates fallidos: 0
2025-07-10 20:35:22,253 - MainProcess - INFO - Mejor fitness: 0.8824
2025-07-10 20:35:22,253 - MainProcess - INFO - Fitness promedio: 0.5000
2025-07-10 20:35:22,253 - MainProcess - INFO - Top 5 mazos:
2025-07-10 20:35:22,253 - MainProcess - INFO -   1. Gen3_Deck0: 0.8824 (30/34)
2025-07-10 20:35:22,253 - MainProcess - INFO -   2. Gen3_Deck1: 0.7941 (27/34)
2025-07-10 20:35:22,253 - MainProcess - INFO -   3. Gen3_Deck30: 0.7941 (27/34)
2025-07-10 20:35:22,253 - MainProcess - INFO -   4. Gen3_Deck27: 0.7059 (24/34)
2025-07-10 20:35:22,253 - MainProcess - INFO -   5. Gen3_Deck5: 0.6765 (23/34)
2025-07-10 20:35:22,258 - MainProcess - INFO - 📊 Sin mejora. Estancamiento: 1/5
2025-07-10 20:35:22,258 - MainProcess - INFO - 
=== GENERACIÓN 4 ===
2025-07-10 20:35:22,267 - MainProcess - INFO - === EVALUACIÓN PARALELA GENERACIÓN 4 ===
2025-07-10 20:35:22,267 - MainProcess - INFO - Población: 35 mazos
2025-07-10 20:35:22,267 - MainProcess - INFO - Workers paralelos: 3
2025-07-10 20:35:22,267 - MainProcess - INFO - Total de enfrentamientos: 595
2025-07-10 20:35:22,267 - MainProcess - INFO - Manteniendo mazos existentes para generación 4
2025-07-10 20:35:22,274 - MainProcess - INFO - Ejecutando 595 combates en paralelo... (OPTIMIZADO: 50% menos)
2025-07-10 22:41:29,190 - MainProcess - INFO - === RESULTADOS GENERACIÓN 4 ===
2025-07-10 22:41:29,191 - MainProcess - INFO - Duración total: 126.1 minutos
2025-07-10 22:41:29,191 - MainProcess - INFO - Combates exitosos: 595/595
2025-07-10 22:41:29,191 - MainProcess - INFO - Combates fallidos: 0
2025-07-10 22:41:29,191 - MainProcess - INFO - Mejor fitness: 0.7647
2025-07-10 22:41:29,191 - MainProcess - INFO - Fitness promedio: 0.5000
2025-07-10 22:41:29,191 - MainProcess - INFO - Top 5 mazos:
2025-07-10 22:41:29,191 - MainProcess - INFO -   1. Gen4_Deck1: 0.7647 (26/34)
2025-07-10 22:41:29,191 - MainProcess - INFO -   2. Gen4_Deck8: 0.7059 (24/34)
2025-07-10 22:41:29,191 - MainProcess - INFO -   3. Gen4_Deck24: 0.7059 (24/34)
2025-07-10 22:41:29,191 - MainProcess - INFO -   4. Gen4_Deck0: 0.6765 (23/34)
2025-07-10 22:41:29,191 - MainProcess - INFO -   5. Gen4_Deck10: 0.6765 (23/34)
2025-07-10 22:41:29,196 - MainProcess - INFO - 📊 Sin mejora. Estancamiento: 2/5
2025-07-10 22:41:29,196 - MainProcess - INFO - 
=== GENERACIÓN 5 ===
2025-07-10 22:41:29,206 - MainProcess - INFO - === EVALUACIÓN PARALELA GENERACIÓN 5 ===
2025-07-10 22:41:29,206 - MainProcess - INFO - Población: 35 mazos
2025-07-10 22:41:29,206 - MainProcess - INFO - Workers paralelos: 3
2025-07-10 22:41:29,207 - MainProcess - INFO - Total de enfrentamientos: 595
2025-07-10 22:41:29,207 - MainProcess - INFO - Manteniendo mazos existentes para generación 5
2025-07-10 22:41:29,214 - MainProcess - INFO - Ejecutando 595 combates en paralelo... (OPTIMIZADO: 50% menos)
2025-07-11 00:15:24,875 - MainProcess - INFO - === EJECUCIÓN INTERRUMPIDA POR EL USUARIO ===
2025-07-11 00:15:24,878 - MainProcess - INFO - 🔄 Ejecutando métodos de finalización...
2025-07-11 00:15:24,880 - MainProcess - INFO - 📊 Guardando estadísticas: 5 generaciones
2025-07-11 00:15:24,884 - MainProcess - INFO - ✅ CSV guardado: mtg_evolved_decks/parallel_evolution_stats.csv
2025-07-11 00:15:27,723 - MainProcess - INFO - ✅ Gráficos guardados: mtg_evolved_decks/parallel_evolution_stats.png
2025-07-11 00:15:27,724 - MainProcess - INFO - ✅ Hall of Fame guardado: 5 entradas en mtg_evolved_decks/parallel_hall_of_fame.json
2025-07-11 00:15:27,725 - MainProcess - INFO - ✅ Estadísticas paralelas guardadas en mtg_evolved_decks
2025-07-11 00:15:27,736 - MainProcess - INFO - ✅ save_statistics() ejecutado correctamente
2025-07-11 00:15:27,736 - MainProcess - INFO - Guardando logs finales paralelos...
2025-07-11 00:15:28,078 - MainProcess - INFO - === ESTADÍSTICAS FINALES PARALELAS ===
2025-07-11 00:15:28,078 - MainProcess - INFO - Workers utilizados: 3
2025-07-11 00:15:28,078 - MainProcess - INFO - Total de combates: 3412
2025-07-11 00:15:28,078 - MainProcess - INFO - Combates exitosos: 3412
2025-07-11 00:15:28,078 - MainProcess - INFO - Tasa de éxito global: 100.0%
2025-07-11 00:15:28,078 - MainProcess - INFO - Rendimiento por worker:
2025-07-11 00:15:28,078 - MainProcess - INFO -   Worker 1338: 207/207 (100.0%) - Promedio: 30.7s
2025-07-11 00:15:28,115 - MainProcess - INFO -   Worker 1336: 195/195 (100.0%) - Promedio: 32.7s
2025-07-11 00:15:28,115 - MainProcess - INFO -   Worker 1337: 193/193 (100.0%) - Promedio: 32.9s
2025-07-11 00:15:28,115 - MainProcess - INFO -   Worker 242655: 195/195 (100.0%) - Promedio: 31.5s
2025-07-11 00:15:28,115 - MainProcess - INFO -   Worker 242654: 196/196 (100.0%) - Promedio: 31.4s
2025-07-11 00:15:28,115 - MainProcess - INFO -   Worker 242653: 204/204 (100.0%) - Promedio: 30.1s
2025-07-11 00:15:28,115 - MainProcess - INFO -   Worker 482061: 193/193 (100.0%) - Promedio: 34.2s
2025-07-11 00:15:28,115 - MainProcess - INFO -   Worker 482060: 208/208 (100.0%) - Promedio: 31.7s
2025-07-11 00:15:28,115 - MainProcess - INFO -   Worker 482059: 194/194 (100.0%) - Promedio: 34.0s
2025-07-11 00:15:28,115 - MainProcess - INFO -   Worker 725047: 209/209 (100.0%) - Promedio: 34.8s
2025-07-11 00:15:28,115 - MainProcess - INFO -   Worker 725049: 188/188 (100.0%) - Promedio: 38.8s
2025-07-11 00:15:28,115 - MainProcess - INFO -   Worker 725048: 198/198 (100.0%) - Promedio: 36.7s
2025-07-11 00:15:28,115 - MainProcess - INFO -   Worker 982849: 201/201 (100.0%) - Promedio: 37.6s
2025-07-11 00:15:28,115 - MainProcess - INFO -   Worker 982848: 187/187 (100.0%) - Promedio: 40.5s
2025-07-11 00:15:28,115 - MainProcess - INFO -   Worker 982847: 207/207 (100.0%) - Promedio: 36.5s
2025-07-11 00:15:28,115 - MainProcess - INFO -   Worker 1237316: 131/131 (100.0%) - Promedio: 43.0s
2025-07-11 00:15:28,116 - MainProcess - INFO -   Worker 1237315: 154/154 (100.0%) - Promedio: 36.3s
2025-07-11 00:15:28,116 - MainProcess - INFO -   Worker 1237317: 152/152 (100.0%) - Promedio: 37.0s
2025-07-11 00:15:28,116 - MainProcess - INFO - Logs guardados en: mtg_evolved_decks/logs
2025-07-11 00:15:28,116 - MainProcess - INFO - ✅ save_final_logs() ejecutado correctamente
2025-07-11 00:15:28,463 - MainProcess - INFO - ✅ Población final guardada: mtg_evolved_decks/final_population_20250711_001528.json
2025-07-11 00:15:28,463 - MainProcess - INFO - ✅ save_final_population() ejecutado: mtg_evolved_decks/final_population_20250711_001528.json
