2025-07-07 18:43:29,113 - MainProcess - INFO - === ALGORITMO GENÉTICO PARALELO INICIADO ===
2025-07-07 18:43:29,114 - MainProcess - INFO - Cargando catálogo de cartas...
2025-07-07 18:43:29,140 - MainProcess - INFO - Población inicial: 50 mazos
2025-07-07 18:43:29,140 - MainProcess - INFO - Configuración paralela: 3 workers, timeout 300s
2025-07-07 18:43:29,149 - MainProcess - INFO - Forge configurado. Directorio de mazos: ./user/decks/constructed
2025-07-07 18:43:29,149 - MainProcess - INFO - Modo: Headless (xvfb-run)
2025-07-07 18:43:29,149 - MainProcess - INFO - Hall of Fame configurado: 5 mejores históricos
2025-07-07 18:43:29,149 - MainProcess - INFO - === INICIANDO ALGORITMO GENÉTICO PARALELO ===
2025-07-07 18:43:29,149 - MainProcess - INFO - Configuración: 50 mazos, 50 generaciones
2025-07-07 18:43:29,149 - MainProcess - INFO - Paralelización: 3 workers, timeout 300s
2025-07-07 18:43:29,149 - MainProcess - INFO - Evaluando población inicial con procesamiento paralelo...
2025-07-07 18:43:29,149 - MainProcess - INFO - === EVALUACIÓN PARALELA GENERACIÓN 0 ===
2025-07-07 18:43:29,149 - MainProcess - INFO - Población: 50 mazos
2025-07-07 18:43:29,149 - MainProcess - INFO - Workers paralelos: 3
2025-07-07 18:43:29,149 - MainProcess - INFO - Total de enfrentamientos: 1225
2025-07-07 18:43:29,164 - MainProcess - INFO - Ejecutando 2450 combates en paralelo...
2025-07-07 22:43:54,626 - MainProcess - INFO - === RESULTADOS GENERACIÓN 0 ===
2025-07-07 22:43:54,626 - MainProcess - INFO - Duración total: 240.4 minutos
2025-07-07 22:43:54,626 - MainProcess - INFO - Combates exitosos: 2450/2450
2025-07-07 22:43:54,627 - MainProcess - INFO - Combates fallidos: 0
2025-07-07 22:43:54,627 - MainProcess - INFO - Mejor fitness: 0.8776
2025-07-07 22:43:54,627 - MainProcess - INFO - Fitness promedio: 0.5000
2025-07-07 22:43:54,627 - MainProcess - INFO - Top 5 mazos:
2025-07-07 22:43:54,627 - MainProcess - INFO -   1. Gen0_Deck0: 0.8776 (86/98)
2025-07-07 22:43:54,627 - MainProcess - INFO -   2. Gen0_Deck4: 0.8061 (79/98)
2025-07-07 22:43:54,627 - MainProcess - INFO -   3. Gen0_Deck2: 0.7959 (78/98)
2025-07-07 22:43:54,627 - MainProcess - INFO -   4. Gen0_Deck8: 0.7551 (74/98)
2025-07-07 22:43:54,627 - MainProcess - INFO -   5. Gen0_Deck6: 0.7449 (73/98)
2025-07-07 22:43:54,632 - MainProcess - INFO - 🏆 Hall of Fame expandido: 0 → 5
2025-07-07 22:43:54,632 - MainProcess - INFO - 🏆 Hall of Fame inicializado con 5 individuos
2025-07-07 22:43:54,633 - MainProcess - INFO - Gen 0: Mejor=0.8776, Promedio=0.5000, Diversidad=0.0328
2025-07-07 22:43:54,633 - MainProcess - INFO - 
===== Generación 1 =====
2025-07-07 22:43:54,648 - MainProcess - INFO - Evaluando generación 1 con 3 workers...
2025-07-07 22:43:54,648 - MainProcess - INFO - === EVALUACIÓN PARALELA GENERACIÓN 1 ===
2025-07-07 22:43:54,648 - MainProcess - INFO - Población: 50 mazos
2025-07-07 22:43:54,649 - MainProcess - INFO - Workers paralelos: 3
2025-07-07 22:43:54,649 - MainProcess - INFO - Total de enfrentamientos: 1225
2025-07-07 22:43:54,649 - MainProcess - INFO - Manteniendo mazos existentes para generación 1
2025-07-07 22:43:54,664 - MainProcess - INFO - Ejecutando 2450 combates en paralelo...
2025-07-08 02:43:26,854 - MainProcess - INFO - === RESULTADOS GENERACIÓN 1 ===
2025-07-08 02:43:26,854 - MainProcess - INFO - Duración total: 239.5 minutos
2025-07-08 02:43:26,854 - MainProcess - INFO - Combates exitosos: 2450/2450
2025-07-08 02:43:26,854 - MainProcess - INFO - Combates fallidos: 0
2025-07-08 02:43:26,854 - MainProcess - INFO - Mejor fitness: 0.8878
2025-07-08 02:43:26,855 - MainProcess - INFO - Fitness promedio: 0.5000
2025-07-08 02:43:26,855 - MainProcess - INFO - Top 5 mazos:
2025-07-08 02:43:26,855 - MainProcess - INFO -   1. Gen1_Deck1: 0.8878 (87/98)
2025-07-08 02:43:26,855 - MainProcess - INFO -   2. Gen1_Deck0: 0.8673 (85/98)
2025-07-08 02:43:26,855 - MainProcess - INFO -   3. Gen1_Deck2: 0.8571 (84/98)
2025-07-08 02:43:26,855 - MainProcess - INFO -   4. Gen1_Deck9: 0.7959 (78/98)
2025-07-08 02:43:26,855 - MainProcess - INFO -   5. Gen1_Deck3: 0.7143 (70/98)
2025-07-08 02:43:26,861 - MainProcess - INFO - Mejor=0.8878, Promedio=0.5000, Diversidad=0.0479
2025-07-08 02:43:26,862 - MainProcess - INFO - Tasa de mutación actual: 0.1200
2025-07-08 02:43:26,862 - MainProcess - INFO - 🎉 Nuevo récord en Hall of Fame: 0.8878
2025-07-08 02:43:26,862 - MainProcess - INFO - Guardando mejor mazo de generación 1
2025-07-08 02:43:26,864 - MainProcess - INFO - Mejor mazo guardado: mtg_evolved_decks/best_deck_gen_1.json y mtg_evolved_decks/best_deck_gen_1.dck
2025-07-08 02:43:26,864 - MainProcess - INFO - 🏆 === HALL OF FAME GEN 1 ===
2025-07-08 02:43:26,864 - MainProcess - INFO -    1. Fitness histórico: 0.8878
2025-07-08 02:43:26,864 - MainProcess - INFO -    2. Fitness histórico: 0.8776
2025-07-08 02:43:26,864 - MainProcess - INFO -    3. Fitness histórico: 0.8571
2025-07-08 02:43:26,864 - MainProcess - INFO -    Mejor histórico: 0.8878
2025-07-08 02:43:26,864 - MainProcess - INFO -    Mejor actual: 0.8878
2025-07-08 02:43:26,864 - MainProcess - INFO -    🎉 Posible mejora o mantenimiento
2025-07-08 02:43:26,864 - MainProcess - INFO - 
===== Generación 2 =====
2025-07-08 02:43:26,879 - MainProcess - INFO - Evaluando generación 2 con 3 workers...
2025-07-08 02:43:26,879 - MainProcess - INFO - === EVALUACIÓN PARALELA GENERACIÓN 2 ===
2025-07-08 02:43:26,879 - MainProcess - INFO - Población: 50 mazos
2025-07-08 02:43:26,879 - MainProcess - INFO - Workers paralelos: 3
2025-07-08 02:43:26,879 - MainProcess - INFO - Total de enfrentamientos: 1225
2025-07-08 02:43:26,879 - MainProcess - INFO - Manteniendo mazos existentes para generación 2
2025-07-08 02:43:26,894 - MainProcess - INFO - Ejecutando 2450 combates en paralelo...
2025-07-08 06:34:29,027 - MainProcess - INFO - === RESULTADOS GENERACIÓN 2 ===
2025-07-08 06:34:29,028 - MainProcess - INFO - Duración total: 231.0 minutos
2025-07-08 06:34:29,028 - MainProcess - INFO - Combates exitosos: 2450/2450
2025-07-08 06:34:29,028 - MainProcess - INFO - Combates fallidos: 0
2025-07-08 06:34:29,028 - MainProcess - INFO - Mejor fitness: 0.9286
2025-07-08 06:34:29,028 - MainProcess - INFO - Fitness promedio: 0.5000
2025-07-08 06:34:29,028 - MainProcess - INFO - Top 5 mazos:
2025-07-08 06:34:29,028 - MainProcess - INFO -   1. Gen2_Deck1: 0.9286 (91/98)
2025-07-08 06:34:29,028 - MainProcess - INFO -   2. Gen2_Deck0: 0.8776 (86/98)
2025-07-08 06:34:29,028 - MainProcess - INFO -   3. Gen2_Deck3: 0.8061 (79/98)
2025-07-08 06:34:29,028 - MainProcess - INFO -   4. Gen2_Deck2: 0.7857 (77/98)
2025-07-08 06:34:29,028 - MainProcess - INFO -   5. Gen2_Deck12: 0.7551 (74/98)
2025-07-08 06:34:29,035 - MainProcess - INFO - Mejor=0.9286, Promedio=0.5000, Diversidad=0.1042
2025-07-08 06:34:29,035 - MainProcess - INFO - Tasa de mutación actual: 0.1200
2025-07-08 06:34:29,036 - MainProcess - INFO - 🎉 Nuevo récord en Hall of Fame: 0.9286
2025-07-08 06:34:29,036 - MainProcess - INFO - Guardando mejor mazo de generación 2
2025-07-08 06:34:29,037 - MainProcess - INFO - Mejor mazo guardado: mtg_evolved_decks/best_deck_gen_2.json y mtg_evolved_decks/best_deck_gen_2.dck
2025-07-08 06:34:29,037 - MainProcess - INFO - 🏆 === HALL OF FAME GEN 2 ===
2025-07-08 06:34:29,037 - MainProcess - INFO -    1. Fitness histórico: 0.9286
2025-07-08 06:34:29,037 - MainProcess - INFO -    2. Fitness histórico: 0.8878
2025-07-08 06:34:29,037 - MainProcess - INFO -    3. Fitness histórico: 0.8571
2025-07-08 06:34:29,037 - MainProcess - INFO -    Mejor histórico: 0.9286
2025-07-08 06:34:29,037 - MainProcess - INFO -    Mejor actual: 0.9286
2025-07-08 06:34:29,037 - MainProcess - INFO -    🎉 Posible mejora o mantenimiento
2025-07-08 06:34:29,037 - MainProcess - INFO - 
===== Generación 3 =====
2025-07-08 06:34:29,051 - MainProcess - INFO - Evaluando generación 3 con 3 workers...
2025-07-08 06:34:29,051 - MainProcess - INFO - === EVALUACIÓN PARALELA GENERACIÓN 3 ===
2025-07-08 06:34:29,051 - MainProcess - INFO - Población: 50 mazos
2025-07-08 06:34:29,051 - MainProcess - INFO - Workers paralelos: 3
2025-07-08 06:34:29,051 - MainProcess - INFO - Total de enfrentamientos: 1225
2025-07-08 06:34:29,051 - MainProcess - INFO - Manteniendo mazos existentes para generación 3
2025-07-08 06:34:29,066 - MainProcess - INFO - Ejecutando 2450 combates en paralelo...
2025-07-08 10:23:27,574 - MainProcess - INFO - === RESULTADOS GENERACIÓN 3 ===
2025-07-08 10:23:27,574 - MainProcess - INFO - Duración total: 229.0 minutos
2025-07-08 10:23:27,574 - MainProcess - INFO - Combates exitosos: 2450/2450
2025-07-08 10:23:27,574 - MainProcess - INFO - Combates fallidos: 0
2025-07-08 10:23:27,574 - MainProcess - INFO - Mejor fitness: 0.9388
2025-07-08 10:23:27,574 - MainProcess - INFO - Fitness promedio: 0.5000
2025-07-08 10:23:27,574 - MainProcess - INFO - Top 5 mazos:
2025-07-08 10:23:27,574 - MainProcess - INFO -   1. Gen3_Deck1: 0.9388 (92/98)
2025-07-08 10:23:27,574 - MainProcess - INFO -   2. Gen3_Deck0: 0.8673 (85/98)
2025-07-08 10:23:27,574 - MainProcess - INFO -   3. Gen3_Deck2: 0.8469 (83/98)
2025-07-08 10:23:27,574 - MainProcess - INFO -   4. Gen3_Deck9: 0.8469 (83/98)
2025-07-08 10:23:27,574 - MainProcess - INFO -   5. Gen3_Deck3: 0.7959 (78/98)
2025-07-08 10:23:27,582 - MainProcess - INFO - Mejor=0.9388, Promedio=0.5000, Diversidad=0.1255
2025-07-08 10:23:27,582 - MainProcess - INFO - Tasa de mutación actual: 0.1200
2025-07-08 10:23:27,582 - MainProcess - INFO - 🎉 Nuevo récord en Hall of Fame: 0.9388
2025-07-08 10:23:27,582 - MainProcess - INFO - Guardando mejor mazo de generación 3
2025-07-08 10:23:27,584 - MainProcess - INFO - Mejor mazo guardado: mtg_evolved_decks/best_deck_gen_3.json y mtg_evolved_decks/best_deck_gen_3.dck
2025-07-08 10:23:27,584 - MainProcess - INFO - 🏆 === HALL OF FAME GEN 3 ===
2025-07-08 10:23:27,584 - MainProcess - INFO -    1. Fitness histórico: 0.9388
2025-07-08 10:23:27,584 - MainProcess - INFO -    2. Fitness histórico: 0.9286
2025-07-08 10:23:27,584 - MainProcess - INFO -    3. Fitness histórico: 0.8571
2025-07-08 10:23:27,584 - MainProcess - INFO -    Mejor histórico: 0.9388
2025-07-08 10:23:27,584 - MainProcess - INFO -    Mejor actual: 0.9388
2025-07-08 10:23:27,584 - MainProcess - INFO -    🎉 Posible mejora o mantenimiento
2025-07-08 10:23:27,584 - MainProcess - INFO - 
===== Generación 4 =====
2025-07-08 10:23:27,597 - MainProcess - INFO - Evaluando generación 4 con 3 workers...
2025-07-08 10:23:27,597 - MainProcess - INFO - === EVALUACIÓN PARALELA GENERACIÓN 4 ===
2025-07-08 10:23:27,598 - MainProcess - INFO - Población: 50 mazos
2025-07-08 10:23:27,598 - MainProcess - INFO - Workers paralelos: 3
2025-07-08 10:23:27,598 - MainProcess - INFO - Total de enfrentamientos: 1225
2025-07-08 10:23:27,598 - MainProcess - INFO - Manteniendo mazos existentes para generación 4
2025-07-08 10:23:27,613 - MainProcess - INFO - Ejecutando 2450 combates en paralelo...
2025-07-08 14:12:21,171 - MainProcess - INFO - === RESULTADOS GENERACIÓN 4 ===
2025-07-08 14:12:21,171 - MainProcess - INFO - Duración total: 228.9 minutos
2025-07-08 14:12:21,172 - MainProcess - INFO - Combates exitosos: 2450/2450
2025-07-08 14:12:21,172 - MainProcess - INFO - Combates fallidos: 0
2025-07-08 14:12:21,172 - MainProcess - INFO - Mejor fitness: 0.9286
2025-07-08 14:12:21,172 - MainProcess - INFO - Fitness promedio: 0.5000
2025-07-08 14:12:21,172 - MainProcess - INFO - Top 5 mazos:
2025-07-08 14:12:21,172 - MainProcess - INFO -   1. Gen4_Deck1: 0.9286 (91/98)
2025-07-08 14:12:21,172 - MainProcess - INFO -   2. Gen4_Deck0: 0.9082 (89/98)
2025-07-08 14:12:21,172 - MainProcess - INFO -   3. Gen4_Deck5: 0.8367 (82/98)
2025-07-08 14:12:21,172 - MainProcess - INFO -   4. Gen4_Deck12: 0.7959 (78/98)
2025-07-08 14:12:21,172 - MainProcess - INFO -   5. Gen4_Deck2: 0.7857 (77/98)
2025-07-08 14:12:21,179 - MainProcess - INFO - Mejor=0.9286, Promedio=0.5000, Diversidad=0.1991
2025-07-08 14:12:21,179 - MainProcess - INFO - Tasa de mutación actual: 0.1200
2025-07-08 14:12:21,179 - MainProcess - INFO - Sin mejora durante 1 generaciones
2025-07-08 14:12:21,179 - MainProcess - INFO - 🏆 === HALL OF FAME GEN 4 ===
2025-07-08 14:12:21,179 - MainProcess - INFO -    1. Fitness histórico: 0.9388
2025-07-08 14:12:21,179 - MainProcess - INFO -    2. Fitness histórico: 0.9286
2025-07-08 14:12:21,180 - MainProcess - INFO -    3. Fitness histórico: 0.8571
2025-07-08 14:12:21,180 - MainProcess - INFO -    Mejor histórico: 0.9388
2025-07-08 14:12:21,180 - MainProcess - INFO -    Mejor actual: 0.9286
2025-07-08 14:12:21,180 - MainProcess - INFO -    ✅ Sin regresión - Hall of Fame funciona
2025-07-08 14:12:21,180 - MainProcess - INFO - 
===== Generación 5 =====
2025-07-08 14:12:21,192 - MainProcess - INFO - Evaluando generación 5 con 3 workers...
2025-07-08 14:12:21,192 - MainProcess - INFO - === EVALUACIÓN PARALELA GENERACIÓN 5 ===
2025-07-08 14:12:21,192 - MainProcess - INFO - Población: 50 mazos
2025-07-08 14:12:21,192 - MainProcess - INFO - Workers paralelos: 3
2025-07-08 14:12:21,192 - MainProcess - INFO - Total de enfrentamientos: 1225
2025-07-08 14:12:21,192 - MainProcess - INFO - Manteniendo mazos existentes para generación 5
2025-07-08 14:12:21,208 - MainProcess - INFO - Ejecutando 2450 combates en paralelo...
2025-07-08 18:02:15,721 - MainProcess - INFO - === RESULTADOS GENERACIÓN 5 ===
2025-07-08 18:02:15,721 - MainProcess - INFO - Duración total: 229.9 minutos
2025-07-08 18:02:15,721 - MainProcess - INFO - Combates exitosos: 2450/2450
2025-07-08 18:02:15,721 - MainProcess - INFO - Combates fallidos: 0
2025-07-08 18:02:15,722 - MainProcess - INFO - Mejor fitness: 0.8776
2025-07-08 18:02:15,722 - MainProcess - INFO - Fitness promedio: 0.5000
2025-07-08 18:02:15,722 - MainProcess - INFO - Top 5 mazos:
2025-07-08 18:02:15,722 - MainProcess - INFO -   1. Gen5_Deck0: 0.8776 (86/98)
2025-07-08 18:02:15,722 - MainProcess - INFO -   2. Gen5_Deck1: 0.8673 (85/98)
2025-07-08 18:02:15,722 - MainProcess - INFO -   3. Gen5_Deck3: 0.8469 (83/98)
2025-07-08 18:02:15,722 - MainProcess - INFO -   4. Gen5_Deck8: 0.8265 (81/98)
2025-07-08 18:02:15,722 - MainProcess - INFO -   5. Gen5_Deck7: 0.7449 (73/98)
2025-07-08 18:02:15,729 - MainProcess - INFO - Mejor=0.8776, Promedio=0.5000, Diversidad=0.2066
2025-07-08 18:02:15,729 - MainProcess - INFO - Tasa de mutación actual: 0.1200
2025-07-08 18:02:15,729 - MainProcess - INFO - Sin mejora durante 2 generaciones
2025-07-08 18:02:15,729 - MainProcess - INFO - 🏆 === HALL OF FAME GEN 5 ===
2025-07-08 18:02:15,729 - MainProcess - INFO -    1. Fitness histórico: 0.9388
2025-07-08 18:02:15,729 - MainProcess - INFO -    2. Fitness histórico: 0.9286
2025-07-08 18:02:15,729 - MainProcess - INFO -    3. Fitness histórico: 0.8571
2025-07-08 18:02:15,729 - MainProcess - INFO -    Mejor histórico: 0.9388
2025-07-08 18:02:15,729 - MainProcess - INFO -    Mejor actual: 0.8776
2025-07-08 18:02:15,729 - MainProcess - INFO -    ✅ Sin regresión - Hall of Fame funciona
2025-07-08 18:02:15,729 - MainProcess - INFO - 
===== Generación 6 =====
2025-07-08 18:02:15,743 - MainProcess - INFO - Evaluando generación 6 con 3 workers...
2025-07-08 18:02:15,743 - MainProcess - INFO - === EVALUACIÓN PARALELA GENERACIÓN 6 ===
2025-07-08 18:02:15,743 - MainProcess - INFO - Población: 50 mazos
2025-07-08 18:02:15,743 - MainProcess - INFO - Workers paralelos: 3
2025-07-08 18:02:15,743 - MainProcess - INFO - Total de enfrentamientos: 1225
2025-07-08 18:02:15,743 - MainProcess - INFO - Manteniendo mazos existentes para generación 6
2025-07-08 18:02:15,758 - MainProcess - INFO - Ejecutando 2450 combates en paralelo...
2025-07-08 21:50:38,102 - MainProcess - INFO - === RESULTADOS GENERACIÓN 6 ===
2025-07-08 21:50:38,102 - MainProcess - INFO - Duración total: 228.4 minutos
2025-07-08 21:50:38,102 - MainProcess - INFO - Combates exitosos: 2450/2450
2025-07-08 21:50:38,102 - MainProcess - INFO - Combates fallidos: 0
2025-07-08 21:50:38,102 - MainProcess - INFO - Mejor fitness: 0.9388
2025-07-08 21:50:38,103 - MainProcess - INFO - Fitness promedio: 0.5000
2025-07-08 21:50:38,103 - MainProcess - INFO - Top 5 mazos:
2025-07-08 21:50:38,103 - MainProcess - INFO -   1. Gen6_Deck1: 0.9388 (92/98)
2025-07-08 21:50:38,103 - MainProcess - INFO -   2. Gen6_Deck2: 0.8265 (81/98)
2025-07-08 21:50:38,103 - MainProcess - INFO -   3. Gen6_Deck0: 0.8163 (80/98)
2025-07-08 21:50:38,103 - MainProcess - INFO -   4. Gen6_Deck11: 0.7755 (76/98)
2025-07-08 21:50:38,103 - MainProcess - INFO -   5. Gen6_Deck4: 0.7551 (74/98)
2025-07-08 21:50:38,111 - MainProcess - INFO - Mejor=0.9388, Promedio=0.5000, Diversidad=0.2327
2025-07-08 21:50:38,111 - MainProcess - INFO - Tasa de mutación actual: 0.1200
2025-07-08 21:50:38,111 - MainProcess - INFO - Sin mejora durante 3 generaciones
2025-07-08 21:50:38,111 - MainProcess - INFO - 🏆 === HALL OF FAME GEN 6 ===
2025-07-08 21:50:38,111 - MainProcess - INFO -    1. Fitness histórico: 0.9388
2025-07-08 21:50:38,111 - MainProcess - INFO -    2. Fitness histórico: 0.9388
2025-07-08 21:50:38,111 - MainProcess - INFO -    3. Fitness histórico: 0.8571
2025-07-08 21:50:38,111 - MainProcess - INFO -    Mejor histórico: 0.9388
2025-07-08 21:50:38,111 - MainProcess - INFO -    Mejor actual: 0.9388
2025-07-08 21:50:38,111 - MainProcess - INFO -    🎉 Posible mejora o mantenimiento
2025-07-08 21:50:38,111 - MainProcess - INFO - 
===== Generación 7 =====
2025-07-08 21:50:38,123 - MainProcess - INFO - Evaluando generación 7 con 3 workers...
2025-07-08 21:50:38,123 - MainProcess - INFO - === EVALUACIÓN PARALELA GENERACIÓN 7 ===
2025-07-08 21:50:38,123 - MainProcess - INFO - Población: 50 mazos
2025-07-08 21:50:38,123 - MainProcess - INFO - Workers paralelos: 3
2025-07-08 21:50:38,123 - MainProcess - INFO - Total de enfrentamientos: 1225
2025-07-08 21:50:38,123 - MainProcess - INFO - Manteniendo mazos existentes para generación 7
2025-07-08 21:50:38,137 - MainProcess - INFO - Ejecutando 2450 combates en paralelo...
2025-07-09 01:33:13,096 - MainProcess - INFO - === RESULTADOS GENERACIÓN 7 ===
2025-07-09 01:33:13,097 - MainProcess - INFO - Duración total: 222.6 minutos
2025-07-09 01:33:13,097 - MainProcess - INFO - Combates exitosos: 2450/2450
2025-07-09 01:33:13,097 - MainProcess - INFO - Combates fallidos: 0
2025-07-09 01:33:13,097 - MainProcess - INFO - Mejor fitness: 0.8776
2025-07-09 01:33:13,097 - MainProcess - INFO - Fitness promedio: 0.5000
2025-07-09 01:33:13,097 - MainProcess - INFO - Top 5 mazos:
2025-07-09 01:33:13,097 - MainProcess - INFO -   1. Gen7_Deck1: 0.8776 (86/98)
2025-07-09 01:33:13,097 - MainProcess - INFO -   2. Gen7_Deck0: 0.8469 (83/98)
2025-07-09 01:33:13,097 - MainProcess - INFO -   3. Gen7_Deck8: 0.8163 (80/98)
2025-07-09 01:33:13,098 - MainProcess - INFO -   4. Gen7_Deck7: 0.8061 (79/98)
2025-07-09 01:33:13,098 - MainProcess - INFO -   5. Gen7_Deck2: 0.7755 (76/98)
2025-07-09 01:33:13,105 - MainProcess - INFO - Mejor=0.8776, Promedio=0.5000, Diversidad=0.2917
2025-07-09 01:33:13,105 - MainProcess - INFO - Tasa de mutación actual: 0.1200
2025-07-09 01:33:13,105 - MainProcess - INFO - Sin mejora durante 4 generaciones
2025-07-09 01:33:13,105 - MainProcess - INFO - 🏆 === HALL OF FAME GEN 7 ===
2025-07-09 01:33:13,105 - MainProcess - INFO -    1. Fitness histórico: 0.9388
2025-07-09 01:33:13,105 - MainProcess - INFO -    2. Fitness histórico: 0.9388
2025-07-09 01:33:13,105 - MainProcess - INFO -    3. Fitness histórico: 0.8571
2025-07-09 01:33:13,105 - MainProcess - INFO -    Mejor histórico: 0.9388
2025-07-09 01:33:13,105 - MainProcess - INFO -    Mejor actual: 0.8776
2025-07-09 01:33:13,105 - MainProcess - INFO -    ✅ Sin regresión - Hall of Fame funciona
2025-07-09 01:33:13,105 - MainProcess - INFO - 
===== Generación 8 =====
2025-07-09 01:33:13,117 - MainProcess - INFO - Evaluando generación 8 con 3 workers...
2025-07-09 01:33:13,118 - MainProcess - INFO - === EVALUACIÓN PARALELA GENERACIÓN 8 ===
2025-07-09 01:33:13,118 - MainProcess - INFO - Población: 50 mazos
2025-07-09 01:33:13,118 - MainProcess - INFO - Workers paralelos: 3
2025-07-09 01:33:13,118 - MainProcess - INFO - Total de enfrentamientos: 1225
2025-07-09 01:33:13,118 - MainProcess - INFO - Manteniendo mazos existentes para generación 8
2025-07-09 01:33:13,133 - MainProcess - INFO - Ejecutando 2450 combates en paralelo...
2025-07-09 05:14:46,520 - MainProcess - INFO - === RESULTADOS GENERACIÓN 8 ===
2025-07-09 05:14:46,520 - MainProcess - INFO - Duración total: 221.6 minutos
2025-07-09 05:14:46,520 - MainProcess - INFO - Combates exitosos: 2450/2450
2025-07-09 05:14:46,520 - MainProcess - INFO - Combates fallidos: 0
2025-07-09 05:14:46,520 - MainProcess - INFO - Mejor fitness: 0.9082
2025-07-09 05:14:46,520 - MainProcess - INFO - Fitness promedio: 0.5000
2025-07-09 05:14:46,520 - MainProcess - INFO - Top 5 mazos:
2025-07-09 05:14:46,520 - MainProcess - INFO -   1. Gen8_Deck1: 0.9082 (89/98)
2025-07-09 05:14:46,520 - MainProcess - INFO -   2. Gen8_Deck0: 0.8980 (88/98)
2025-07-09 05:14:46,520 - MainProcess - INFO -   3. Gen8_Deck4: 0.8061 (79/98)
2025-07-09 05:14:46,520 - MainProcess - INFO -   4. Gen8_Deck13: 0.7347 (72/98)
2025-07-09 05:14:46,521 - MainProcess - INFO -   5. Gen8_Deck2: 0.7143 (70/98)
2025-07-09 05:14:46,527 - MainProcess - INFO - Mejor=0.9082, Promedio=0.5000, Diversidad=0.2032
2025-07-09 05:14:46,528 - MainProcess - INFO - Tasa de mutación actual: 0.1200
2025-07-09 05:14:46,528 - MainProcess - INFO - Sin mejora durante 5 generaciones
2025-07-09 05:14:46,528 - MainProcess - INFO - 🏆 === HALL OF FAME GEN 8 ===
2025-07-09 05:14:46,528 - MainProcess - INFO -    1. Fitness histórico: 0.9388
2025-07-09 05:14:46,528 - MainProcess - INFO -    2. Fitness histórico: 0.9388
2025-07-09 05:14:46,528 - MainProcess - INFO -    3. Fitness histórico: 0.8571
2025-07-09 05:14:46,528 - MainProcess - INFO -    Mejor histórico: 0.9388
2025-07-09 05:14:46,528 - MainProcess - INFO -    Mejor actual: 0.9082
2025-07-09 05:14:46,528 - MainProcess - INFO -    ✅ Sin regresión - Hall of Fame funciona
2025-07-09 05:14:46,528 - MainProcess - INFO - 
===== Generación 9 =====
2025-07-09 05:14:46,540 - MainProcess - INFO - Evaluando generación 9 con 3 workers...
2025-07-09 05:14:46,540 - MainProcess - INFO - === EVALUACIÓN PARALELA GENERACIÓN 9 ===
2025-07-09 05:14:46,540 - MainProcess - INFO - Población: 50 mazos
2025-07-09 05:14:46,540 - MainProcess - INFO - Workers paralelos: 3
2025-07-09 05:14:46,540 - MainProcess - INFO - Total de enfrentamientos: 1225
2025-07-09 05:14:46,540 - MainProcess - INFO - Manteniendo mazos existentes para generación 9
2025-07-09 05:14:46,554 - MainProcess - INFO - Ejecutando 2450 combates en paralelo...
2025-07-09 09:06:07,381 - MainProcess - INFO - === RESULTADOS GENERACIÓN 9 ===
2025-07-09 09:06:07,381 - MainProcess - INFO - Duración total: 231.3 minutos
2025-07-09 09:06:07,381 - MainProcess - INFO - Combates exitosos: 2450/2450
2025-07-09 09:06:07,381 - MainProcess - INFO - Combates fallidos: 0
2025-07-09 09:06:07,381 - MainProcess - INFO - Mejor fitness: 0.8878
2025-07-09 09:06:07,381 - MainProcess - INFO - Fitness promedio: 0.5000
2025-07-09 09:06:07,381 - MainProcess - INFO - Top 5 mazos:
2025-07-09 09:06:07,381 - MainProcess - INFO -   1. Gen9_Deck1: 0.8878 (87/98)
2025-07-09 09:06:07,381 - MainProcess - INFO -   2. Gen9_Deck4: 0.8776 (86/98)
2025-07-09 09:06:07,382 - MainProcess - INFO -   3. Gen9_Deck0: 0.8163 (80/98)
2025-07-09 09:06:07,382 - MainProcess - INFO -   4. Gen9_Deck7: 0.7347 (72/98)
2025-07-09 09:06:07,382 - MainProcess - INFO -   5. Gen9_Deck3: 0.7245 (71/98)
2025-07-09 09:06:07,389 - MainProcess - INFO - Mejor=0.8878, Promedio=0.5000, Diversidad=0.1765
2025-07-09 09:06:07,389 - MainProcess - INFO - Tasa de mutación actual: 0.1200
2025-07-09 09:06:07,389 - MainProcess - INFO - Sin mejora durante 6 generaciones
2025-07-09 09:06:07,389 - MainProcess - INFO - 🏆 === HALL OF FAME GEN 9 ===
2025-07-09 09:06:07,389 - MainProcess - INFO -    1. Fitness histórico: 0.9388
2025-07-09 09:06:07,389 - MainProcess - INFO -    2. Fitness histórico: 0.9388
2025-07-09 09:06:07,389 - MainProcess - INFO -    3. Fitness histórico: 0.8776
2025-07-09 09:06:07,389 - MainProcess - INFO -    Mejor histórico: 0.9388
2025-07-09 09:06:07,389 - MainProcess - INFO -    Mejor actual: 0.8878
2025-07-09 09:06:07,389 - MainProcess - INFO -    ✅ Sin regresión - Hall of Fame funciona
2025-07-09 09:06:07,389 - MainProcess - INFO - 
===== Generación 10 =====
2025-07-09 09:06:07,403 - MainProcess - INFO - Evaluando generación 10 con 3 workers...
2025-07-09 09:06:07,403 - MainProcess - INFO - === EVALUACIÓN PARALELA GENERACIÓN 10 ===
2025-07-09 09:06:07,403 - MainProcess - INFO - Población: 50 mazos
2025-07-09 09:06:07,403 - MainProcess - INFO - Workers paralelos: 3
2025-07-09 09:06:07,403 - MainProcess - INFO - Total de enfrentamientos: 1225
2025-07-09 09:06:07,403 - MainProcess - INFO - Manteniendo mazos existentes para generación 10
2025-07-09 09:06:07,418 - MainProcess - INFO - Ejecutando 2450 combates en paralelo...
2025-07-09 12:53:50,214 - MainProcess - INFO - === RESULTADOS GENERACIÓN 10 ===
2025-07-09 12:53:50,214 - MainProcess - INFO - Duración total: 227.7 minutos
2025-07-09 12:53:50,214 - MainProcess - INFO - Combates exitosos: 2450/2450
2025-07-09 12:53:50,214 - MainProcess - INFO - Combates fallidos: 0
2025-07-09 12:53:50,214 - MainProcess - INFO - Mejor fitness: 0.8673
2025-07-09 12:53:50,215 - MainProcess - INFO - Fitness promedio: 0.5000
2025-07-09 12:53:50,215 - MainProcess - INFO - Top 5 mazos:
2025-07-09 12:53:50,215 - MainProcess - INFO -   1. Gen10_Deck1: 0.8673 (85/98)
2025-07-09 12:53:50,215 - MainProcess - INFO -   2. Gen10_Deck4: 0.8571 (84/98)
2025-07-09 12:53:50,215 - MainProcess - INFO -   3. Gen10_Deck0: 0.8469 (83/98)
2025-07-09 12:53:50,215 - MainProcess - INFO -   4. Gen10_Deck2: 0.7959 (78/98)
2025-07-09 12:53:50,215 - MainProcess - INFO -   5. Gen10_Deck8: 0.7959 (78/98)
2025-07-09 12:53:50,223 - MainProcess - INFO - Mejor=0.8673, Promedio=0.5000, Diversidad=0.1389
2025-07-09 12:53:50,223 - MainProcess - INFO - Tasa de mutación actual: 0.1800
2025-07-09 12:53:50,223 - MainProcess - INFO - Sin mejora durante 7 generaciones
2025-07-09 12:53:50,223 - MainProcess - ERROR - Error durante la evolución paralela: 'MTGGeneticAlgorithm' object has no attribute 'save_population_arrays'
2025-07-09 12:53:50,223 - MainProcess - INFO - Guardando logs finales paralelos...
2025-07-09 12:53:50,838 - MainProcess - INFO - === ESTADÍSTICAS FINALES PARALELAS ===
2025-07-09 12:53:50,838 - MainProcess - INFO - Workers utilizados: 3
2025-07-09 12:53:50,838 - MainProcess - INFO - Total de combates: 26950
2025-07-09 12:53:50,838 - MainProcess - INFO - Combates exitosos: 26950
2025-07-09 12:53:50,838 - MainProcess - INFO - Tasa de éxito global: 100.0%
2025-07-09 12:53:50,838 - MainProcess - INFO - Rendimiento por worker:
2025-07-09 12:53:50,838 - MainProcess - INFO -   Worker 3431565: 826/826 (100.0%) - Promedio: 17.4s
2025-07-09 12:53:50,838 - MainProcess - INFO -   Worker 3431566: 810/810 (100.0%) - Promedio: 17.8s
2025-07-09 12:53:50,838 - MainProcess - INFO -   Worker 3431564: 814/814 (100.0%) - Promedio: 17.6s
2025-07-09 12:53:50,839 - MainProcess - INFO -   Worker 3987560: 815/815 (100.0%) - Promedio: 17.6s
2025-07-09 12:53:50,839 - MainProcess - INFO -   Worker 3987559: 826/826 (100.0%) - Promedio: 17.4s
2025-07-09 12:53:50,839 - MainProcess - INFO -   Worker 3987561: 809/809 (100.0%) - Promedio: 17.7s
2025-07-09 12:53:50,839 - MainProcess - INFO -   Worker 352526: 810/810 (100.0%) - Promedio: 17.1s
2025-07-09 12:53:50,839 - MainProcess - INFO -   Worker 352527: 816/816 (100.0%) - Promedio: 17.0s
2025-07-09 12:53:50,839 - MainProcess - INFO -   Worker 352525: 824/824 (100.0%) - Promedio: 16.8s
2025-07-09 12:53:50,839 - MainProcess - INFO -   Worker 909536: 808/808 (100.0%) - Promedio: 17.0s
2025-07-09 12:53:50,839 - MainProcess - INFO -   Worker 909535: 826/826 (100.0%) - Promedio: 16.6s
2025-07-09 12:53:50,839 - MainProcess - INFO -   Worker 909537: 816/816 (100.0%) - Promedio: 16.8s
2025-07-09 12:53:50,839 - MainProcess - INFO -   Worker 1454003: 840/840 (100.0%) - Promedio: 16.3s
2025-07-09 12:53:50,839 - MainProcess - INFO -   Worker 1454002: 812/812 (100.0%) - Promedio: 16.9s
2025-07-09 12:53:50,839 - MainProcess - INFO -   Worker 1454004: 798/798 (100.0%) - Promedio: 17.2s
2025-07-09 12:53:50,839 - MainProcess - INFO -   Worker 1994854: 810/810 (100.0%) - Promedio: 17.0s
2025-07-09 12:53:50,839 - MainProcess - INFO -   Worker 1994855: 825/825 (100.0%) - Promedio: 16.7s
2025-07-09 12:53:50,839 - MainProcess - INFO -   Worker 1994853: 815/815 (100.0%) - Promedio: 16.9s
2025-07-09 12:53:50,839 - MainProcess - INFO -   Worker 2514424: 839/839 (100.0%) - Promedio: 16.3s
2025-07-09 12:53:50,839 - MainProcess - INFO -   Worker 2514423: 815/815 (100.0%) - Promedio: 16.8s
2025-07-09 12:53:50,839 - MainProcess - INFO -   Worker 2514425: 796/796 (100.0%) - Promedio: 17.2s
2025-07-09 12:53:50,839 - MainProcess - INFO -   Worker 3043955: 809/809 (100.0%) - Promedio: 16.5s
2025-07-09 12:53:50,839 - MainProcess - INFO -   Worker 3043956: 819/819 (100.0%) - Promedio: 16.3s
2025-07-09 12:53:50,839 - MainProcess - INFO -   Worker 3043954: 822/822 (100.0%) - Promedio: 16.2s
2025-07-09 12:53:50,840 - MainProcess - INFO -   Worker 3561599: 791/791 (100.0%) - Promedio: 16.7s
2025-07-09 12:53:50,840 - MainProcess - INFO -   Worker 3561600: 842/842 (100.0%) - Promedio: 15.7s
2025-07-09 12:53:50,840 - MainProcess - INFO -   Worker 3561598: 817/817 (100.0%) - Promedio: 16.3s
2025-07-09 12:53:50,840 - MainProcess - INFO -   Worker 4075212: 849/849 (100.0%) - Promedio: 16.3s
2025-07-09 12:53:50,840 - MainProcess - INFO -   Worker 4075211: 813/813 (100.0%) - Promedio: 17.1s
2025-07-09 12:53:50,840 - MainProcess - INFO -   Worker 4075213: 788/788 (100.0%) - Promedio: 17.6s
2025-07-09 12:53:50,840 - MainProcess - INFO -   Worker 395712: 813/813 (100.0%) - Promedio: 16.8s
2025-07-09 12:53:50,840 - MainProcess - INFO -   Worker 395713: 833/833 (100.0%) - Promedio: 16.4s
2025-07-09 12:53:50,840 - MainProcess - INFO -   Worker 395711: 804/804 (100.0%) - Promedio: 17.0s
2025-07-09 12:53:50,840 - MainProcess - INFO - Logs guardados en: mtg_evolved_decks/logs
