2025-07-19 03:06:06,989 - MainProcess - INFO - === ALGORITMO GENÉTICO PARALELO INICIADO ===
2025-07-19 03:06:06,989 - MainProcess - INFO - Cargando catálogo de cartas...
2025-07-19 03:06:07,009 - MainProcess - INFO - Población inicial: 25 mazos
2025-07-19 03:06:07,009 - MainProcess - INFO - Configuración paralela: 3 workers, timeout 300s
2025-07-19 03:06:07,016 - MainProcess - INFO - Forge configurado. Directorio de mazos: ./user/decks/constructed
2025-07-19 03:06:07,017 - MainProcess - INFO - Modo: Headless (xvfb-run)
2025-07-19 03:06:07,017 - MainProcess - INFO - Hall of Fame configurado: 5 mejores históricos
2025-07-19 03:06:07,017 - MainProcess - INFO - === INICIANDO ALGORITMO GENÉTICO CON ANTI-ESTANCAMIENTO ===
2025-07-19 03:06:07,017 - MainProcess - INFO - Configuración: 25 mazos, 25 generaciones
2025-07-19 03:06:07,017 - MainProcess - INFO - Paralelización: 3 workers, timeout 300s
2025-07-19 03:06:07,017 - MainProcess - INFO - Evaluando población inicial con procesamiento paralelo...
2025-07-19 03:06:07,017 - MainProcess - INFO - === EVALUACIÓN PARALELA GENERACIÓN 0 ===
2025-07-19 03:06:07,017 - MainProcess - INFO - Población: 25 mazos
2025-07-19 03:06:07,017 - MainProcess - INFO - Workers paralelos: 3
2025-07-19 03:06:07,017 - MainProcess - INFO - Total de enfrentamientos: 300
2025-07-19 03:06:07,022 - MainProcess - INFO - Ejecutando 300 combates en paralelo... (OPTIMIZADO: 50% menos)
2025-07-19 04:04:58,627 - MainProcess - INFO - === RESULTADOS GENERACIÓN 0 ===
2025-07-19 04:04:58,627 - MainProcess - INFO - Duración total: 58.9 minutos
2025-07-19 04:04:58,627 - MainProcess - INFO - Combates exitosos: 300/300
2025-07-19 04:04:58,627 - MainProcess - INFO - Combates fallidos: 0
2025-07-19 04:04:58,627 - MainProcess - INFO - Mejor fitness: 0.8750
2025-07-19 04:04:58,628 - MainProcess - INFO - Fitness promedio: 0.5000
2025-07-19 04:04:58,628 - MainProcess - INFO - Top 5 mazos:
2025-07-19 04:04:58,628 - MainProcess - INFO -   1. Gen0_Deck9: 0.8750 (21/24)
2025-07-19 04:04:58,628 - MainProcess - INFO -   2. Gen0_Deck0: 0.7500 (18/24)
2025-07-19 04:04:58,628 - MainProcess - INFO -   3. Gen0_Deck2: 0.7083 (17/24)
2025-07-19 04:04:58,628 - MainProcess - INFO -   4. Gen0_Deck10: 0.7083 (17/24)
2025-07-19 04:04:58,628 - MainProcess - INFO -   5. Gen0_Deck5: 0.6667 (16/24)
2025-07-19 04:04:58,637 - MainProcess - INFO - Población detallada guardada: mtg_evolved_decks/population_arrays_detailed_gen_000_20250719_040458.json
2025-07-19 04:04:58,641 - MainProcess - INFO - 🏆 Hall of Fame expandido: 0 → 5
2025-07-19 04:04:58,641 - MainProcess - INFO - 
=== GENERACIÓN 1 ===
2025-07-19 04:04:58,649 - MainProcess - INFO - === EVALUACIÓN PARALELA GENERACIÓN 1 ===
2025-07-19 04:04:58,649 - MainProcess - INFO - Población: 25 mazos
2025-07-19 04:04:58,649 - MainProcess - INFO - Workers paralelos: 3
2025-07-19 04:04:58,649 - MainProcess - INFO - Total de enfrentamientos: 300
2025-07-19 04:04:58,649 - MainProcess - INFO - Manteniendo mazos existentes para generación 1
2025-07-19 04:04:58,654 - MainProcess - INFO - Ejecutando 300 combates en paralelo... (OPTIMIZADO: 50% menos)
2025-07-19 05:02:28,464 - MainProcess - INFO - === RESULTADOS GENERACIÓN 1 ===
2025-07-19 05:02:28,465 - MainProcess - INFO - Duración total: 57.5 minutos
2025-07-19 05:02:28,465 - MainProcess - INFO - Combates exitosos: 300/300
2025-07-19 05:02:28,465 - MainProcess - INFO - Combates fallidos: 0
2025-07-19 05:02:28,465 - MainProcess - INFO - Mejor fitness: 0.9583
2025-07-19 05:02:28,465 - MainProcess - INFO - Fitness promedio: 0.5000
2025-07-19 05:02:28,465 - MainProcess - INFO - Top 5 mazos:
2025-07-19 05:02:28,465 - MainProcess - INFO -   1. Gen1_Deck1: 0.9583 (23/24)
2025-07-19 05:02:28,465 - MainProcess - INFO -   2. Gen1_Deck0: 0.9167 (22/24)
2025-07-19 05:02:28,465 - MainProcess - INFO -   3. Gen1_Deck23: 0.7500 (18/24)
2025-07-19 05:02:28,465 - MainProcess - INFO -   4. Gen1_Deck2: 0.6250 (15/24)
2025-07-19 05:02:28,465 - MainProcess - INFO -   5. Gen1_Deck16: 0.6250 (15/24)
2025-07-19 05:02:28,475 - MainProcess - INFO - Población detallada guardada: mtg_evolved_decks/population_arrays_detailed_gen_001_20250719_050228.json
2025-07-19 05:02:28,476 - MainProcess - INFO - 🎉 NUEVO MEJOR FITNESS: 0.9583 (Gen 1)
2025-07-19 05:02:28,476 - MainProcess - INFO - Terminando por alcanzar fitness objetivo (95% win rate): 0.9583
2025-07-19 05:02:28,476 - MainProcess - INFO - 🏁 TERMINACIÓN CONTROLADA: fitness_target_reached
2025-07-19 05:02:28,477 - MainProcess - INFO - ✅ Mejor resultado obtenido del Hall of Fame:
2025-07-19 05:02:28,477 - MainProcess - INFO -    Fitness: 0.9583
2025-07-19 05:02:28,477 - MainProcess - INFO -    Array sum: 60
2025-07-19 05:02:28,477 - MainProcess - INFO - 🏆 MEJOR FITNESS ALCANZADO: 0.9583
2025-07-19 05:02:28,477 - MainProcess - INFO - 🎯 RAZÓN DE TERMINACIÓN: fitness_target_reached
2025-07-19 05:02:28,477 - MainProcess - INFO - 🔄 Ejecutando métodos de finalización...
2025-07-19 05:02:28,478 - MainProcess - INFO - 📊 Guardando estadísticas: 2 generaciones
2025-07-19 05:02:28,479 - MainProcess - INFO - ✅ CSV guardado: mtg_evolved_decks/parallel_evolution_stats.csv
2025-07-19 05:02:29,431 - MainProcess - INFO - ✅ Gráficos guardados: mtg_evolved_decks/parallel_evolution_stats.png
2025-07-19 05:02:29,433 - MainProcess - INFO - ✅ Hall of Fame guardado: 5 entradas en mtg_evolved_decks/parallel_hall_of_fame.json
2025-07-19 05:02:29,433 - MainProcess - INFO - ✅ Estadísticas paralelas guardadas en mtg_evolved_decks
2025-07-19 05:02:29,433 - MainProcess - INFO - ✅ save_statistics() ejecutado correctamente
2025-07-19 05:02:29,433 - MainProcess - INFO - Guardando logs finales paralelos...
2025-07-19 05:02:29,446 - MainProcess - INFO - === ESTADÍSTICAS FINALES PARALELAS ===
2025-07-19 05:02:29,447 - MainProcess - INFO - Workers utilizados: 3
2025-07-19 05:02:29,447 - MainProcess - INFO - Total de combates: 600
2025-07-19 05:02:29,447 - MainProcess - INFO - Combates exitosos: 600
2025-07-19 05:02:29,447 - MainProcess - INFO - Tasa de éxito global: 100.0%
2025-07-19 05:02:29,447 - MainProcess - INFO - Rendimiento por worker:
2025-07-19 05:02:29,447 - MainProcess - INFO -   Worker 3458969: 96/96 (100.0%) - Promedio: 36.7s
2025-07-19 05:02:29,447 - MainProcess - INFO -   Worker 3458970: 103/103 (100.0%) - Promedio: 34.3s
2025-07-19 05:02:29,447 - MainProcess - INFO -   Worker 3458968: 101/101 (100.0%) - Promedio: 35.0s
2025-07-19 05:02:29,447 - MainProcess - INFO -   Worker 3586373: 95/95 (100.0%) - Promedio: 36.1s
2025-07-19 05:02:29,447 - MainProcess - INFO -   Worker 3586372: 100/100 (100.0%) - Promedio: 34.1s
2025-07-19 05:02:29,447 - MainProcess - INFO -   Worker 3586371: 105/105 (100.0%) - Promedio: 32.9s
2025-07-19 05:02:29,447 - MainProcess - INFO - Logs guardados en: mtg_evolved_decks/logs
2025-07-19 05:02:29,447 - MainProcess - INFO - ✅ save_final_logs() ejecutado correctamente
2025-07-19 05:02:29,501 - MainProcess - INFO - ✅ Población final guardada: mtg_evolved_decks/final_population_20250719_050229.json
2025-07-19 05:02:29,501 - MainProcess - INFO - ✅ save_final_population() ejecutado: mtg_evolved_decks/final_population_20250719_050229.json
